Archive member included to satisfy reference by file (symbol)

d:/embedded system/software/truestudio for stm32 9.3.0/armtools/bin/../lib/gcc/arm-atollic-eabi/6.3.1/../../../../arm-atollic-eabi/lib/armv7e-m/fpu\libc.a(lib_a-errno.o)
                              Src\syscalls.o (__errno)
d:/embedded system/software/truestudio for stm32 9.3.0/armtools/bin/../lib/gcc/arm-atollic-eabi/6.3.1/../../../../arm-atollic-eabi/lib/armv7e-m/fpu\libc.a(lib_a-impure.o)
                              d:/embedded system/software/truestudio for stm32 9.3.0/armtools/bin/../lib/gcc/arm-atollic-eabi/6.3.1/../../../../arm-atollic-eabi/lib/armv7e-m/fpu\libc.a(lib_a-errno.o) (_impure_ptr)
d:/embedded system/software/truestudio for stm32 9.3.0/armtools/bin/../lib/gcc/arm-atollic-eabi/6.3.1/../../../../arm-atollic-eabi/lib/armv7e-m/fpu\libc.a(lib_a-init.o)
                              startup\startup_stm32f407xx.o (__libc_init_array)
d:/embedded system/software/truestudio for stm32 9.3.0/armtools/bin/../lib/gcc/arm-atollic-eabi/6.3.1/../../../../arm-atollic-eabi/lib/armv7e-m/fpu\libc.a(lib_a-memcmp.o)
                              UserDrivers\MPU6050\eMPL\inv_mpu.o (memcmp)
d:/embedded system/software/truestudio for stm32 9.3.0/armtools/bin/../lib/gcc/arm-atollic-eabi/6.3.1/../../../../arm-atollic-eabi/lib/armv7e-m/fpu\libc.a(lib_a-memcpy-stub.o)
                              Middlewares\Third_Party\FreeRTOS\Source\CMSIS_RTOS_V2\cmsis_os2.o (memcpy)
d:/embedded system/software/truestudio for stm32 9.3.0/armtools/bin/../lib/gcc/arm-atollic-eabi/6.3.1/../../../../arm-atollic-eabi/lib/armv7e-m/fpu\libc.a(lib_a-memset.o)
                              Middlewares\Third_Party\FreeRTOS\Source\stream_buffer.o (memset)
d:/embedded system/software/truestudio for stm32 9.3.0/armtools/bin/../lib/gcc/arm-atollic-eabi/6.3.1/../../../../arm-atollic-eabi/lib/armv7e-m/fpu\libc.a(lib_a-printf.o)
                              UserDrivers\MPU6050\eMPL\inv_mpu.o (printf)
d:/embedded system/software/truestudio for stm32 9.3.0/armtools/bin/../lib/gcc/arm-atollic-eabi/6.3.1/../../../../arm-atollic-eabi/lib/armv7e-m/fpu\libc.a(lib_a-puts.o)
                              UserDrivers\MPU6050\eMPL\inv_mpu.o (puts)
d:/embedded system/software/truestudio for stm32 9.3.0/armtools/bin/../lib/gcc/arm-atollic-eabi/6.3.1/../../../../arm-atollic-eabi/lib/armv7e-m/fpu\libc.a(lib_a-siprintf.o)
                              UserDrivers\TFT_LCD\tftlcd.o (siprintf)
d:/embedded system/software/truestudio for stm32 9.3.0/armtools/bin/../lib/gcc/arm-atollic-eabi/6.3.1/../../../../arm-atollic-eabi/lib/armv7e-m/fpu\libc.a(lib_a-strcat.o)
                              Src\freertos.o (strcat)
d:/embedded system/software/truestudio for stm32 9.3.0/armtools/bin/../lib/gcc/arm-atollic-eabi/6.3.1/../../../../arm-atollic-eabi/lib/armv7e-m/fpu\libc.a(lib_a-strlen.o)
                              UserDrivers\TFT_LCD\tftlcd.o (strlen)
d:/embedded system/software/truestudio for stm32 9.3.0/armtools/bin/../lib/gcc/arm-atollic-eabi/6.3.1/../../../../arm-atollic-eabi/lib/armv7e-m/fpu\libc.a(lib_a-svfiprintf.o)
                              d:/embedded system/software/truestudio for stm32 9.3.0/armtools/bin/../lib/gcc/arm-atollic-eabi/6.3.1/../../../../arm-atollic-eabi/lib/armv7e-m/fpu\libc.a(lib_a-siprintf.o) (_svfiprintf_r)
d:/embedded system/software/truestudio for stm32 9.3.0/armtools/bin/../lib/gcc/arm-atollic-eabi/6.3.1/../../../../arm-atollic-eabi/lib/armv7e-m/fpu\libc.a(lib_a-vfprintf.o)
                              d:/embedded system/software/truestudio for stm32 9.3.0/armtools/bin/../lib/gcc/arm-atollic-eabi/6.3.1/../../../../arm-atollic-eabi/lib/armv7e-m/fpu\libc.a(lib_a-printf.o) (_vfprintf_r)
d:/embedded system/software/truestudio for stm32 9.3.0/armtools/bin/../lib/gcc/arm-atollic-eabi/6.3.1/../../../../arm-atollic-eabi/lib/armv7e-m/fpu\libc.a(lib_a-wsetup.o)
                              d:/embedded system/software/truestudio for stm32 9.3.0/armtools/bin/../lib/gcc/arm-atollic-eabi/6.3.1/../../../../arm-atollic-eabi/lib/armv7e-m/fpu\libc.a(lib_a-vfprintf.o) (__swsetup_r)
d:/embedded system/software/truestudio for stm32 9.3.0/armtools/bin/../lib/gcc/arm-atollic-eabi/6.3.1/../../../../arm-atollic-eabi/lib/armv7e-m/fpu\libc.a(lib_a-dtoa.o)
                              d:/embedded system/software/truestudio for stm32 9.3.0/armtools/bin/../lib/gcc/arm-atollic-eabi/6.3.1/../../../../arm-atollic-eabi/lib/armv7e-m/fpu\libc.a(lib_a-vfprintf.o) (_dtoa_r)
d:/embedded system/software/truestudio for stm32 9.3.0/armtools/bin/../lib/gcc/arm-atollic-eabi/6.3.1/../../../../arm-atollic-eabi/lib/armv7e-m/fpu\libc.a(lib_a-fflush.o)
                              d:/embedded system/software/truestudio for stm32 9.3.0/armtools/bin/../lib/gcc/arm-atollic-eabi/6.3.1/../../../../arm-atollic-eabi/lib/armv7e-m/fpu\libc.a(lib_a-vfprintf.o) (_fflush_r)
[...]
Memory Configuration

Name             Origin             Length             Attributes
RAM              0x20000000         0x00020000         xrw
CCMRAM           0x10000000         0x00010000         rw
FLASH            0x08000000         0x00100000         xr
*default*        0x00000000         0xffffffff

Linker script and memory map

LOAD d:/embedded system/software/truestudio for stm32 9.3.0/armtools/bin/../lib/gcc/arm-atollic-eabi/6.3.1/armv7e-m/fpu/crti.o
LOAD d:/embedded system/software/truestudio for stm32 9.3.0/armtools/bin/../lib/gcc/arm-atollic-eabi/6.3.1/armv7e-m/fpu/crtbegin.o
LOAD Drivers\STM32F4xx_HAL_Driver\Src\stm32f4xx_hal.o
LOAD Drivers\STM32F4xx_HAL_Driver\Src\stm32f4xx_hal_cortex.o
LOAD Drivers\STM32F4xx_HAL_Driver\Src\stm32f4xx_hal_dma.o
LOAD Drivers\STM32F4xx_HAL_Driver\Src\stm32f4xx_hal_dma_ex.o
LOAD Drivers\STM32F4xx_HAL_Driver\Src\stm32f4xx_hal_exti.o
LOAD Drivers\STM32F4xx_HAL_Driver\Src\stm32f4xx_hal_flash.o
LOAD Drivers\STM32F4xx_HAL_Driver\Src\stm32f4xx_hal_flash_ex.o
LOAD Drivers\STM32F4xx_HAL_Driver\Src\stm32f4xx_hal_flash_ramfunc.o
LOAD Drivers\STM32F4xx_HAL_Driver\Src\stm32f4xx_hal_gpio.o
LOAD Drivers\STM32F4xx_HAL_Driver\Src\stm32f4xx_hal_pwr.o
LOAD Drivers\STM32F4xx_HAL_Driver\Src\stm32f4xx_hal_pwr_ex.o
LOAD Drivers\STM32F4xx_HAL_Driver\Src\stm32f4xx_hal_rcc.o
LOAD Drivers\STM32F4xx_HAL_Driver\Src\stm32f4xx_hal_rcc_ex.o
LOAD Drivers\STM32F4xx_HAL_Driver\Src\stm32f4xx_hal_rtc.o
LOAD Drivers\STM32F4xx_HAL_Driver\Src\stm32f4xx_hal_rtc_ex.o
LOAD Drivers\STM32F4xx_HAL_Driver\Src\stm32f4xx_hal_sram.o
LOAD Drivers\STM32F4xx_HAL_Driver\Src\stm32f4xx_hal_tim.o
LOAD Drivers\STM32F4xx_HAL_Driver\Src\stm32f4xx_hal_tim_ex.o
LOAD Drivers\STM32F4xx_HAL_Driver\Src\stm32f4xx_hal_uart.o
LOAD Drivers\STM32F4xx_HAL_Driver\Src\stm32f4xx_ll_fsmc.o
LOAD Middlewares\Third_Party\FreeRTOS\Source\CMSIS_RTOS_V2\cmsis_os2.o
LOAD Middlewares\Third_Party\FreeRTOS\Source\croutine.o
LOAD Middlewares\Third_Party\FreeRTOS\Source\event_groups.o
LOAD Middlewares\Third_Party\FreeRTOS\Source\list.o
LOAD Middlewares\Third_Party\FreeRTOS\Source\portable\GCC\ARM_CM4F\port.o
LOAD Middlewares\Third_Party\FreeRTOS\Source\portable\MemMang\heap_4.o
LOAD Middlewares\Third_Party\FreeRTOS\Source\queue.o
LOAD Middlewares\Third_Party\FreeRTOS\Source\stream_buffer.o
LOAD Middlewares\Third_Party\FreeRTOS\Source\tasks.o
LOAD Middlewares\Third_Party\FreeRTOS\Source\timers.o
LOAD SYSTEM\delay\delay.o
LOAD Src\freertos.o
LOAD Src\fsmc.o
LOAD Src\gpio.o
LOAD Src\main.o
LOAD Src\rtc.o
LOAD Src\stm32f4xx_hal_msp.o
LOAD Src\stm32f4xx_hal_timebase_tim.o
LOAD Src\stm32f4xx_it.o
LOAD Src\sys.o
LOAD Src\syscalls.o
LOAD Src\system_stm32f4xx.o
LOAD Src\usart.o
LOAD UserDrivers\24CXX\24cxx.o
LOAD UserDrivers\DS18B20\ds18b20.o
LOAD UserDrivers\IIC\myiic.o
LOAD UserDrivers\MPU6050\eMPL\inv_mpu.o
LOAD UserDrivers\MPU6050\eMPL\inv_mpu_dmp_motion_driver.o
LOAD UserDrivers\MPU6050\mpu6050.o
LOAD UserDrivers\TFT_LCD\HzLib.o
LOAD UserDrivers\TFT_LCD\tftlcd.o
LOAD startup\startup_stm32f407xx.o
                0x00001000                malloc_getpagesize_P = 0x1000
START GROUP
LOAD d:/embedded system/software/truestudio for stm32 9.3.0/armtools/bin/../lib/gcc/arm-atollic-eabi/6.3.1/../../../../arm-atollic-eabi/lib/armv7e-m/fpu\libc.a
LOAD d:/embedded system/software/truestudio for stm32 9.3.0/armtools/bin/../lib/gcc/arm-atollic-eabi/6.3.1/../../../../arm-atollic-eabi/lib/armv7e-m/fpu\libm.a
END GROUP
START GROUP
LOAD d:/embedded system/software/truestudio for stm32 9.3.0/armtools/bin/../lib/gcc/arm-atollic-eabi/6.3.1/armv7e-m/fpu\libgcc.a
LOAD d:/embedded system/software/truestudio for stm32 9.3.0/armtools/bin/../lib/gcc/arm-atollic-eabi/6.3.1/../../../../arm-atollic-eabi/lib/armv7e-m/fpu\libc.a
END GROUP
START GROUP
LOAD d:/embedded system/software/truestudio for stm32 9.3.0/armtools/bin/../lib/gcc/arm-atollic-eabi/6.3.1/armv7e-m/fpu\libgcc.a
LOAD d:/embedded system/software/truestudio for stm32 9.3.0/armtools/bin/../lib/gcc/arm-atollic-eabi/6.3.1/../../../../arm-atollic-eabi/lib/armv7e-m/fpu\libc.a
LOAD d:/embedded system/software/truestudio for stm32 9.3.0/armtools/bin/../lib/gcc/arm-atollic-eabi/6.3.1/../../../../arm-atollic-eabi/lib/armv7e-m/fpu\libnosys.a
END GROUP
LOAD d:/embedded system/software/truestudio for stm32 9.3.0/armtools/bin/../lib/gcc/arm-atollic-eabi/6.3.1/armv7e-m/fpu/crtend.o
LOAD d:/embedded system/software/truestudio for stm32 9.3.0/armtools/bin/../lib/gcc/arm-atollic-eabi/6.3.1/armv7e-m/fpu/crtn.o
                0x20020000                _estack = 0x20020000
                0x00000200                _Min_Heap_Size = 0x200
                0x00000400                _Min_Stack_Size = 0x400

.isr_vector     0x08000000      0x188
                0x08000000                . = ALIGN (0x4)
 *(.isr_vector)
 .isr_vector    0x08000000      0x188 startup\startup_stm32f407xx.o
                0x08000000                g_pfnVectors
                0x08000188                . = ALIGN (0x4)

.text           0x08000190    0x125c0
                0x08000190                . = ALIGN (0x4)
 *(.text)
 .text          0x08000190       0x40 d:/embedded system/software/truestudio for stm32 9.3.0/armtools/bin/../lib/gcc/arm-atollic-eabi/6.3.1/armv7e-m/fpu/crtbegin.o
 .text          0x080001d0       0x10 d:/embedded system/software/truestudio for stm32 9.3.0/armtools/bin/../lib/gcc/arm-atollic-eabi/6.3.1/../../../../arm-atollic-eabi/lib/armv7e-m/fpu\libc.a(lib_a-strlen.o)
                0x080001d0                strlen
 .text          0x080001e0       0xa0 d:/embedded system/software/truestudio for stm32 9.3.0/armtools/bin/../lib/gcc/arm-atollic-eabi/6.3.1/../../../../arm-atollic-eabi/lib/armv7e-m/fpu\libc.a(lib_a-memchr.o)
                0x080001e0                memchr
 .text          0x08000280      0x370 d:/embedded system/software/truestudio for stm32 9.3.0/armtools/bin/../lib/gcc/arm-atollic-eabi/6.3.1/armv7e-m/fpu\libgcc.a(_arm_addsubdf3.o)
                0x08000280                __aeabi_drsub
                0x08000288                __aeabi_dsub
                0x08000288                __subdf3
                0x0800028c                __aeabi_dadd
                0x0800028c                __adddf3
                0x08000504                __floatunsidf
                0x08000504                __aeabi_ui2d
                0x08000524                __floatsidf
                0x08000524                __aeabi_i2d
                0x08000548                __aeabi_f2d
                0x08000548                __extendsfdf2
                0x08000584                __floatundidf
                0x08000584                __aeabi_ul2d
                0x08000594                __floatdidf
                0x08000594                __aeabi_l2d
 .text          0x080005f0      0x424 d:/embedded system/software/truestudio for stm32 9.3.0/armtools/bin/../lib/gcc/arm-atollic-eabi/6.3.1/armv7e-m/fpu\libgcc.a(_arm_muldivdf3.o)
                0x080005f0                __aeabi_dmul
                0x080005f0                __muldf3
                0x08000844                __divdf3
                0x08000844                __aeabi_ddiv
 .text          0x08000a14      0x110 d:/embedded system/software/truestudio for stm32 9.3.0/armtools/bin/../lib/gcc/arm-atollic-eabi/6.3.1/armv7e-m/fpu\libgcc.a(_arm_cmpdf2.o)
                0x08000a14                __gtdf2
                0x08000a14                __gedf2
                0x08000a1c                __ltdf2
                0x08000a1c                __ledf2
                0x08000a24                __nedf2
                0x08000a24                __eqdf2
                0x08000a24                __cmpdf2
                0x08000aa0                __aeabi_cdrcmple
                0x08000ab0                __aeabi_cdcmpeq
                0x08000ab0                __aeabi_cdcmple
                0x08000ac0                __aeabi_dcmpeq
                0x08000ad4                __aeabi_dcmplt
                0x08000ae8                __aeabi_dcmple
                0x08000afc                __aeabi_dcmpge
                0x08000b10                __aeabi_dcmpgt
 .text          0x08000b24       0x2c d:/embedded system/software/truestudio for stm32 9.3.0/armtools/bin/../lib/gcc/arm-atollic-eabi/6.3.1/armv7e-m/fpu\libgcc.a(_arm_unorddf2.o)
                0x08000b24                __unorddf2
                0x08000b24                __aeabi_dcmpun
 .text          0x08000b50       0x50 d:/embedded system/software/truestudio for stm32 9.3.0/armtools/bin/../lib/gcc/arm-atollic-eabi/6.3.1/armv7e-m/fpu\libgcc.a(_arm_fixdfsi.o)
                0x08000b50                __aeabi_d2iz
                0x08000b50                __fixdfsi
 .text          0x08000ba0       0xa0 d:/embedded system/software/truestudio for stm32 9.3.0/armtools/bin/../lib/gcc/arm-atollic-eabi/6.3.1/armv7e-m/fpu\libgcc.a(_arm_truncdfsf2.o)
                0x08000ba0                __truncdfsf2
                0x08000ba0                __aeabi_d2f
 .text          0x08000c40       0xa0 d:/embedded system/software/truestudio for stm32 9.3.0/armtools/bin/../lib/gcc/arm-atollic-eabi/6.3.1/armv7e-m/fpu\libgcc.a(_aeabi_ldivmod.o)
                0x08000c40                __aeabi_ldivmod
 .text          0x08000ce0       0x30 d:/embedded system/software/truestudio for stm32 9.3.0/armtools/bin/../lib/gcc/arm-atollic-eabi/6.3.1/armv7e-m/fpu\libgcc.a(_aeabi_uldivmod.o)
                0x08000ce0                __aeabi_uldivmod
 .text          0x08000d10      0x2dc d:/embedded system/software/truestudio for stm32 9.3.0/armtools/bin/../lib/gcc/arm-atollic-eabi/6.3.1/armv7e-m/fpu\libgcc.a(_udivmoddi4.o)
                0x08000d10                __udivmoddi4
 .text          0x08000fec        0x4 d:/embedded system/software/truestudio for stm32 9.3.0/armtools/bin/../lib/gcc/arm-atollic-eabi/6.3.1/armv7e-m/fpu\libgcc.a(_dvmd_tls.o)
                0x08000fec                __aeabi_idiv0
                0x08000fec                __aeabi_ldiv0
 *(.text*)
 .text.HAL_Init
                0x08000ff0       0x44 Drivers\STM32F4xx_HAL_Driver\Src\stm32f4xx_hal.o
                0x08000ff0                HAL_Init
 .text.HAL_IncTick
                0x08001034       0x28 Drivers\STM32F4xx_HAL_Driver\Src\stm32f4xx_hal.o
                0x08001034                HAL_IncTick
 .text.HAL_GetTick
                0x0800105c       0x18 Drivers\STM32F4xx_HAL_Driver\Src\stm32f4xx_hal.o
                0x0800105c                HAL_GetTick
 .text.HAL_Delay
                0x08001074       0x44 Drivers\STM32F4xx_HAL_Driver\Src\stm32f4xx_hal.o
                0x08001074                HAL_Delay
 .text.__NVIC_SetPriorityGrouping
                0x080010b8       0x48 Drivers\STM32F4xx_HAL_Driver\Src\stm32f4xx_hal_cortex.o
 .text.__NVIC_GetPriorityGrouping
                0x08001100       0x1c Drivers\STM32F4xx_HAL_Driver\Src\stm32f4xx_hal_cortex.o
 .text.__NVIC_EnableIRQ
                0x0800111c       0x3c Drivers\STM32F4xx_HAL_Driver\Src\stm32f4xx_hal_cortex.o
 .text.__NVIC_SetPriority
                0x08001158       0x54 Drivers\STM32F4xx_HAL_Driver\Src\stm32f4xx_hal_cortex.o
 .text.NVIC_EncodePriority
                0x080011ac       0x62 Drivers\STM32F4xx_HAL_Driver\Src\stm32f4xx_hal_cortex.o
 .text.HAL_NVIC_SetPriorityGrouping
                0x0800120e       0x16 Drivers\STM32F4xx_HAL_Driver\Src\stm32f4xx_hal_cortex.o
                0x0800120e                HAL_NVIC_SetPriorityGrouping
 .text.HAL_NVIC_SetPriority
                0x08001224       0x38 Drivers\STM32F4xx_HAL_Driver\Src\stm32f4xx_hal_cortex.o
                0x08001224                HAL_NVIC_SetPriority
 .text.HAL_NVIC_EnableIRQ
                0x0800125c       0x1c Drivers\STM32F4xx_HAL_Driver\Src\stm32f4xx_hal_cortex.o
                0x0800125c                HAL_NVIC_EnableIRQ
 .text.HAL_SYSTICK_CLKSourceConfig
                0x08001278       0x38 Drivers\STM32F4xx_HAL_Driver\Src\stm32f4xx_hal_cortex.o
                0x08001278                HAL_SYSTICK_CLKSourceConfig
 .text.HAL_DMA_Abort_IT
                0x080012b0       0x44 Drivers\STM32F4xx_HAL_Driver\Src\stm32f4xx_hal_dma.o
                0x080012b0                HAL_DMA_Abort_IT
 .text.HAL_GPIO_Init
                0x080012f4      0x334 Drivers\STM32F4xx_HAL_Driver\Src\stm32f4xx_hal_gpio.o
                0x080012f4                HAL_GPIO_Init
 .text.HAL_GPIO_WritePin
                0x08001628       0x32 Drivers\STM32F4xx_HAL_Driver\Src\stm32f4xx_hal_gpio.o
                0x08001628                HAL_GPIO_WritePin
 .text.HAL_GPIO_TogglePin
                0x0800165a       0x36 Drivers\STM32F4xx_HAL_Driver\Src\stm32f4xx_hal_gpio.o
                0x0800165a                HAL_GPIO_TogglePin
 .text.HAL_GPIO_EXTI_IRQHandler
                0x08001690       0x30 Drivers\STM32F4xx_HAL_Driver\Src\stm32f4xx_hal_gpio.o
                0x08001690                HAL_GPIO_EXTI_IRQHandler
 .text.HAL_RCC_OscConfig
                0x080016c0      0x484 Drivers\STM32F4xx_HAL_Driver\Src\stm32f4xx_hal_rcc.o
                0x080016c0                HAL_RCC_OscConfig
 .text.HAL_RCC_ClockConfig
                0x08001b44      0x1c4 Drivers\STM32F4xx_HAL_Driver\Src\stm32f4xx_hal_rcc.o
                0x08001b44                HAL_RCC_ClockConfig
 .text.HAL_RCC_MCOConfig
                0x08001d08       0xd0 Drivers\STM32F4xx_HAL_Driver\Src\stm32f4xx_hal_rcc.o
                0x08001d08                HAL_RCC_MCOConfig
 .text.HAL_RCC_GetSysClockFreq
                0x08001dd8      0x1b0 Drivers\STM32F4xx_HAL_Driver\Src\stm32f4xx_hal_rcc.o
                0x08001dd8                HAL_RCC_GetSysClockFreq
 .text.HAL_RCC_GetHCLKFreq
                0x08001f88       0x18 Drivers\STM32F4xx_HAL_Driver\Src\stm32f4xx_hal_rcc.o
                0x08001f88                HAL_RCC_GetHCLKFreq
 .text.HAL_RCC_GetPCLK1Freq
                0x08001fa0       0x28 Drivers\STM32F4xx_HAL_Driver\Src\stm32f4xx_hal_rcc.o
                0x08001fa0                HAL_RCC_GetPCLK1Freq
 .text.HAL_RCC_GetPCLK2Freq
                0x08001fc8       0x28 Drivers\STM32F4xx_HAL_Driver\Src\stm32f4xx_hal_rcc.o
                0x08001fc8                HAL_RCC_GetPCLK2Freq
 .text.HAL_RCC_GetClockConfig
                0x08001ff0       0x64 Drivers\STM32F4xx_HAL_Driver\Src\stm32f4xx_hal_rcc.o
                0x08001ff0                HAL_RCC_GetClockConfig
 .text.HAL_RCCEx_PeriphCLKConfig
                0x08002054      0x1c4 Drivers\STM32F4xx_HAL_Driver\Src\stm32f4xx_hal_rcc_ex.o
                0x08002054                HAL_RCCEx_PeriphCLKConfig
 .text.HAL_RTC_Init
                0x08002218      0x122 Drivers\STM32F4xx_HAL_Driver\Src\stm32f4xx_hal_rtc.o
                0x08002218                HAL_RTC_Init
 .text.HAL_RTC_SetTime
                0x0800233a      0x17a Drivers\STM32F4xx_HAL_Driver\Src\stm32f4xx_hal_rtc.o
                0x0800233a                HAL_RTC_SetTime
 .text.HAL_RTC_GetTime
                0x080024b4       0xbc Drivers\STM32F4xx_HAL_Driver\Src\stm32f4xx_hal_rtc.o
                0x080024b4                HAL_RTC_GetTime
 .text.HAL_RTC_SetDate
                0x08002570      0x14e Drivers\STM32F4xx_HAL_Driver\Src\stm32f4xx_hal_rtc.o
                0x08002570                HAL_RTC_SetDate
 .text.HAL_RTC_GetDate
                0x080026be       0x9e Drivers\STM32F4xx_HAL_Driver\Src\stm32f4xx_hal_rtc.o
                0x080026be                HAL_RTC_GetDate
 .text.HAL_RTC_WaitForSynchro
                0x0800275c       0x50 Drivers\STM32F4xx_HAL_Driver\Src\stm32f4xx_hal_rtc.o
                0x0800275c                HAL_RTC_WaitForSynchro
 .text.RTC_EnterInitMode
                0x080027ac       0x58 Drivers\STM32F4xx_HAL_Driver\Src\stm32f4xx_hal_rtc.o
                0x080027ac                RTC_EnterInitMode
 .text.RTC_ByteToBcd2
                0x08002804       0x3c Drivers\STM32F4xx_HAL_Driver\Src\stm32f4xx_hal_rtc.o
                0x08002804                RTC_ByteToBcd2
 .text.RTC_Bcd2ToByte
                0x08002840       0x3c Drivers\STM32F4xx_HAL_Driver\Src\stm32f4xx_hal_rtc.o
                0x08002840                RTC_Bcd2ToByte
 .text.HAL_RTCEx_SetWakeUpTimer_IT
                0x0800287c      0x180 Drivers\STM32F4xx_HAL_Driver\Src\stm32f4xx_hal_rtc_ex.o
                0x0800287c                HAL_RTCEx_SetWakeUpTimer_IT
 .text.HAL_RTCEx_WakeUpTimerIRQHandler
                0x080029fc       0x58 Drivers\STM32F4xx_HAL_Driver\Src\stm32f4xx_hal_rtc_ex.o
                0x080029fc                HAL_RTCEx_WakeUpTimerIRQHandler
 .text.HAL_SRAM_Init
                0x08002a54       0x88 Drivers\STM32F4xx_HAL_Driver\Src\stm32f4xx_hal_sram.o
                0x08002a54                HAL_SRAM_Init
 .text.HAL_TIM_Base_Init
                0x08002adc       0x56 Drivers\STM32F4xx_HAL_Driver\Src\stm32f4xx_hal_tim.o
                0x08002adc                HAL_TIM_Base_Init
 .text.HAL_TIM_Base_MspInit
                0x08002b32       0x14 Drivers\STM32F4xx_HAL_Driver\Src\stm32f4xx_hal_tim.o
                0x08002b32                HAL_TIM_Base_MspInit
 .text.HAL_TIM_Base_Start_IT
                0x08002b46       0x48 Drivers\STM32F4xx_HAL_Driver\Src\stm32f4xx_hal_tim.o
                0x08002b46                HAL_TIM_Base_Start_IT
 .text.HAL_TIM_IRQHandler
                0x08002b8e      0x210 Drivers\STM32F4xx_HAL_Driver\Src\stm32f4xx_hal_tim.o
                0x08002b8e                HAL_TIM_IRQHandler
 .text.HAL_TIM_OC_DelayElapsedCallback
                0x08002d9e       0x14 Drivers\STM32F4xx_HAL_Driver\Src\stm32f4xx_hal_tim.o
                0x08002d9e                HAL_TIM_OC_DelayElapsedCallback
 .text.HAL_TIM_IC_CaptureCallback
                0x08002db2       0x14 Drivers\STM32F4xx_HAL_Driver\Src\stm32f4xx_hal_tim.o
                0x08002db2                HAL_TIM_IC_CaptureCallback
 .text.HAL_TIM_PWM_PulseFinishedCallback
                0x08002dc6       0x14 Drivers\STM32F4xx_HAL_Driver\Src\stm32f4xx_hal_tim.o
                0x08002dc6                HAL_TIM_PWM_PulseFinishedCallback
 .text.HAL_TIM_TriggerCallback
                0x08002dda       0x14 Drivers\STM32F4xx_HAL_Driver\Src\stm32f4xx_hal_tim.o
                0x08002dda                HAL_TIM_TriggerCallback
 *fill*         0x08002dee        0x2 
 .text.TIM_Base_SetConfig
                0x08002df0      0x140 Drivers\STM32F4xx_HAL_Driver\Src\stm32f4xx_hal_tim.o
                0x08002df0                TIM_Base_SetConfig
 .text.HAL_TIMEx_CommutCallback
                0x08002f30       0x14 Drivers\STM32F4xx_HAL_Driver\Src\stm32f4xx_hal_tim_ex.o
                0x08002f30                HAL_TIMEx_CommutCallback
 .text.HAL_TIMEx_BreakCallback
                0x08002f44       0x14 Drivers\STM32F4xx_HAL_Driver\Src\stm32f4xx_hal_tim_ex.o
                0x08002f44                HAL_TIMEx_BreakCallback
 .text.HAL_UART_Init
                0x08002f58       0x9a Drivers\STM32F4xx_HAL_Driver\Src\stm32f4xx_hal_uart.o
                0x08002f58                HAL_UART_Init
 .text.HAL_UART_Transmit
                0x08002ff2      0x130 Drivers\STM32F4xx_HAL_Driver\Src\stm32f4xx_hal_uart.o
                0x08002ff2                HAL_UART_Transmit
 .text.HAL_UART_Transmit_IT
                0x08003122       0x8a Drivers\STM32F4xx_HAL_Driver\Src\stm32f4xx_hal_uart.o
                0x08003122                HAL_UART_Transmit_IT
 .text.HAL_UART_Receive_IT
                0x080031ac       0xaa Drivers\STM32F4xx_HAL_Driver\Src\stm32f4xx_hal_uart.o
                0x080031ac                HAL_UART_Receive_IT
 *fill*         0x08003256        0x2 
 .text.HAL_UART_IRQHandler
                0x08003258      0x1f8 Drivers\STM32F4xx_HAL_Driver\Src\stm32f4xx_hal_uart.o
                0x08003258                HAL_UART_IRQHandler
 .text.HAL_UART_TxCpltCallback
                0x08003450       0x14 Drivers\STM32F4xx_HAL_Driver\Src\stm32f4xx_hal_uart.o
                0x08003450                HAL_UART_TxCpltCallback
 .text.HAL_UART_ErrorCallback
                0x08003464       0x14 Drivers\STM32F4xx_HAL_Driver\Src\stm32f4xx_hal_uart.o
                0x08003464                HAL_UART_ErrorCallback
 .text.UART_WaitOnFlagUntilTimeout
                0x08003478       0x94 Drivers\STM32F4xx_HAL_Driver\Src\stm32f4xx_hal_uart.o
 .text.UART_EndRxTransfer
                0x0800350c       0x3c Drivers\STM32F4xx_HAL_Driver\Src\stm32f4xx_hal_uart.o
 .text.UART_DMAAbortOnError
                0x08003548       0x28 Drivers\STM32F4xx_HAL_Driver\Src\stm32f4xx_hal_uart.o
 .text.UART_Transmit_IT
                0x08003570       0xaa Drivers\STM32F4xx_HAL_Driver\Src\stm32f4xx_hal_uart.o
 .text.UART_EndTransmit_IT
                0x0800361a       0x30 Drivers\STM32F4xx_HAL_Driver\Src\stm32f4xx_hal_uart.o
 .text.UART_Receive_IT
                0x0800364a      0x102 Drivers\STM32F4xx_HAL_Driver\Src\stm32f4xx_hal_uart.o
 .text.UART_SetConfig
                0x0800374c      0x414 Drivers\STM32F4xx_HAL_Driver\Src\stm32f4xx_hal_uart.o
 .text.FSMC_NORSRAM_Init
                0x08003b60       0xa4 Drivers\STM32F4xx_HAL_Driver\Src\stm32f4xx_ll_fsmc.o
                0x08003b60                FSMC_NORSRAM_Init
 .text.FSMC_NORSRAM_Timing_Init
                0x08003c04       0x7a Drivers\STM32F4xx_HAL_Driver\Src\stm32f4xx_ll_fsmc.o
                0x08003c04                FSMC_NORSRAM_Timing_Init
 *fill*         0x08003c7e        0x2 
 .text.FSMC_NORSRAM_Extended_Timing_Init
                0x08003c80       0x80 Drivers\STM32F4xx_HAL_Driver\Src\stm32f4xx_ll_fsmc.o
                0x08003c80                FSMC_NORSRAM_Extended_Timing_Init
 .text.osKernelInitialize
                0x08003d00       0x68 Middlewares\Third_Party\FreeRTOS\Source\CMSIS_RTOS_V2\cmsis_os2.o
                0x08003d00                osKernelInitialize
 .text.osKernelStart
                0x08003d68       0x68 Middlewares\Third_Party\FreeRTOS\Source\CMSIS_RTOS_V2\cmsis_os2.o
                0x08003d68                osKernelStart
 .text.osThreadNew
                0x08003dd0      0x154 Middlewares\Third_Party\FreeRTOS\Source\CMSIS_RTOS_V2\cmsis_os2.o
                0x08003dd0                osThreadNew
 .text.osSemaphoreNew
                0x08003f24      0x13c Middlewares\Third_Party\FreeRTOS\Source\CMSIS_RTOS_V2\cmsis_os2.o
                0x08003f24                osSemaphoreNew
 .text.vApplicationGetIdleTaskMemory
                0x08004060       0x34 Middlewares\Third_Party\FreeRTOS\Source\CMSIS_RTOS_V2\cmsis_os2.o
                0x08004060                vApplicationGetIdleTaskMemory
 .text.vApplicationGetTimerTaskMemory
                0x08004094       0x34 Middlewares\Third_Party\FreeRTOS\Source\CMSIS_RTOS_V2\cmsis_os2.o
                0x08004094                vApplicationGetTimerTaskMemory
 .text.vListInitialise
                0x080040c8       0x40 Middlewares\Third_Party\FreeRTOS\Source\list.o
                0x080040c8                vListInitialise
 .text.vListInitialiseItem
                0x08004108       0x1a Middlewares\Third_Party\FreeRTOS\Source\list.o
                0x08004108                vListInitialiseItem
 .text.vListInsertEnd
                0x08004122       0x48 Middlewares\Third_Party\FreeRTOS\Source\list.o
                0x08004122                vListInsertEnd
 .text.vListInsert
                0x0800416a       0x72 Middlewares\Third_Party\FreeRTOS\Source\list.o
                0x0800416a                vListInsert
 .text.uxListRemove
                0x080041dc       0x54 Middlewares\Third_Party\FreeRTOS\Source\list.o
                0x080041dc                uxListRemove
 .text.pxPortInitialiseStack
                0x08004230       0x68 Middlewares\Third_Party\FreeRTOS\Source\portable\GCC\ARM_CM4F\port.o
                0x08004230                pxPortInitialiseStack
 .text.prvTaskExitError
                0x08004298       0x54 Middlewares\Third_Party\FreeRTOS\Source\portable\GCC\ARM_CM4F\port.o
 *fill*         0x080042ec        0x4 
 .text.SVC_Handler
                0x080042f0       0x28 Middlewares\Third_Party\FreeRTOS\Source\portable\GCC\ARM_CM4F\port.o
                0x080042f0                SVC_Handler
 .text.prvPortStartFirstTask
                0x08004318       0x28 Middlewares\Third_Party\FreeRTOS\Source\portable\GCC\ARM_CM4F\port.o
 .text.xPortStartScheduler
                0x08004340      0x13c Middlewares\Third_Party\FreeRTOS\Source\portable\GCC\ARM_CM4F\port.o
                0x08004340                xPortStartScheduler
 .text.vPortEnterCritical
                0x0800447c       0x5c Middlewares\Third_Party\FreeRTOS\Source\portable\GCC\ARM_CM4F\port.o
                0x0800447c                vPortEnterCritical
 .text.vPortExitCritical
                0x080044d8       0x50 Middlewares\Third_Party\FreeRTOS\Source\portable\GCC\ARM_CM4F\port.o
                0x080044d8                vPortExitCritical
 *fill*         0x08004528        0x8 
 .text.PendSV_Handler
                0x08004530       0x68 Middlewares\Third_Party\FreeRTOS\Source\portable\GCC\ARM_CM4F\port.o
                0x08004530                PendSV_Handler
 .text.SysTick_Handler
                0x08004598       0x40 Middlewares\Third_Party\FreeRTOS\Source\portable\GCC\ARM_CM4F\port.o
                0x08004598                SysTick_Handler
 .text.vPortSetupTimerInterrupt
                0x080045d8       0x48 Middlewares\Third_Party\FreeRTOS\Source\portable\GCC\ARM_CM4F\port.o
                0x080045d8                vPortSetupTimerInterrupt
 .text.vPortEnableVFP
                0x08004620       0x14 Middlewares\Third_Party\FreeRTOS\Source\portable\GCC\ARM_CM4F\port.o
 .text.vPortValidateInterruptPriority
                0x08004634       0x7c Middlewares\Third_Party\FreeRTOS\Source\portable\GCC\ARM_CM4F\port.o
                0x08004634                vPortValidateInterruptPriority
 .text.pvPortMalloc
                0x080046b0      0x184 Middlewares\Third_Party\FreeRTOS\Source\portable\MemMang\heap_4.o
                0x080046b0                pvPortMalloc
 .text.vPortFree
                0x08004834       0xb0 Middlewares\Third_Party\FreeRTOS\Source\portable\MemMang\heap_4.o
                0x08004834                vPortFree
 .text.prvHeapInit
                0x080048e4       0xc4 Middlewares\Third_Party\FreeRTOS\Source\portable\MemMang\heap_4.o
 .text.prvInsertBlockIntoFreeList
                0x080049a8       0xb4 Middlewares\Third_Party\FreeRTOS\Source\portable\MemMang\heap_4.o
 .text.xQueueGenericReset
                0x08004a5c       0xd0 Middlewares\Third_Party\FreeRTOS\Source\queue.o
                0x08004a5c                xQueueGenericReset
 .text.xQueueGenericCreateStatic
                0x08004b2c       0xe4 Middlewares\Third_Party\FreeRTOS\Source\queue.o
                0x08004b2c                xQueueGenericCreateStatic
 .text.xQueueGenericCreate
                0x08004c10       0x7a Middlewares\Third_Party\FreeRTOS\Source\queue.o
                0x08004c10                xQueueGenericCreate
 .text.prvInitialiseNewQueue
                0x08004c8a       0x46 Middlewares\Third_Party\FreeRTOS\Source\queue.o
 .text.xQueueCreateCountingSemaphoreStatic
                0x08004cd0       0x6a Middlewares\Third_Party\FreeRTOS\Source\queue.o
                0x08004cd0                xQueueCreateCountingSemaphoreStatic
 .text.xQueueCreateCountingSemaphore
                0x08004d3a       0x62 Middlewares\Third_Party\FreeRTOS\Source\queue.o
                0x08004d3a                xQueueCreateCountingSemaphore
 .text.xQueueGenericSend
                0x08004d9c      0x1f4 Middlewares\Third_Party\FreeRTOS\Source\queue.o
                0x08004d9c                xQueueGenericSend
 .text.xQueueGenericSendFromISR
                0x08004f90      0x128 Middlewares\Third_Party\FreeRTOS\Source\queue.o
                0x08004f90                xQueueGenericSendFromISR
 .text.xQueueGiveFromISR
                0x080050b8      0x112 Middlewares\Third_Party\FreeRTOS\Source\queue.o
                0x080050b8                xQueueGiveFromISR
 *fill*         0x080051ca        0x2 
 .text.xQueueReceive
                0x080051cc      0x1b8 Middlewares\Third_Party\FreeRTOS\Source\queue.o
                0x080051cc                xQueueReceive
 .text.xQueueSemaphoreTake
                0x08005384      0x210 Middlewares\Third_Party\FreeRTOS\Source\queue.o
                0x08005384                xQueueSemaphoreTake
 .text.vQueueDelete
                0x08005594       0x44 Middlewares\Third_Party\FreeRTOS\Source\queue.o
                0x08005594                vQueueDelete
 .text.prvGetDisinheritPriorityAfterTimeout
                0x080055d8       0x30 Middlewares\Third_Party\FreeRTOS\Source\queue.o
 .text.prvCopyDataToQueue
                0x08005608       0xd4 Middlewares\Third_Party\FreeRTOS\Source\queue.o
 .text.prvCopyDataFromQueue
                0x080056dc       0x4c Middlewares\Third_Party\FreeRTOS\Source\queue.o
 .text.prvUnlockQueue
                0x08005728       0xa4 Middlewares\Third_Party\FreeRTOS\Source\queue.o
 .text.prvIsQueueEmpty
                0x080057cc       0x2c Middlewares\Third_Party\FreeRTOS\Source\queue.o
 .text.prvIsQueueFull
                0x080057f8       0x30 Middlewares\Third_Party\FreeRTOS\Source\queue.o
 .text.vQueueAddToRegistry
                0x08005828       0x50 Middlewares\Third_Party\FreeRTOS\Source\queue.o
                0x08005828                vQueueAddToRegistry
 .text.vQueueUnregisterQueue
                0x08005878       0x54 Middlewares\Third_Party\FreeRTOS\Source\queue.o
                0x08005878                vQueueUnregisterQueue
 .text.vQueueWaitForMessageRestricted
                0x080058cc       0x68 Middlewares\Third_Party\FreeRTOS\Source\queue.o
                0x080058cc                vQueueWaitForMessageRestricted
 .text.xTaskCreateStatic
                0x08005934       0xb2 Middlewares\Third_Party\FreeRTOS\Source\tasks.o
                0x08005934                xTaskCreateStatic
 .text.xTaskCreate
                0x080059e6       0x8a Middlewares\Third_Party\FreeRTOS\Source\tasks.o
                0x080059e6                xTaskCreate
 .text.prvInitialiseNewTask
                0x08005a70      0x10c Middlewares\Third_Party\FreeRTOS\Source\tasks.o
 .text.prvAddNewTaskToReadyList
                0x08005b7c       0xe0 Middlewares\Third_Party\FreeRTOS\Source\tasks.o
 .text.vTaskStartScheduler
                0x08005c5c       0xc8 Middlewares\Third_Party\FreeRTOS\Source\tasks.o
                0x08005c5c                vTaskStartScheduler
 .text.vTaskSuspendAll
                0x08005d24       0x1c Middlewares\Third_Party\FreeRTOS\Source\tasks.o
                0x08005d24                vTaskSuspendAll
 .text.xTaskResumeAll
                0x08005d40      0x138 Middlewares\Third_Party\FreeRTOS\Source\tasks.o
                0x08005d40                xTaskResumeAll
 .text.xTaskGetTickCount
                0x08005e78       0x20 Middlewares\Third_Party\FreeRTOS\Source\tasks.o
                0x08005e78                xTaskGetTickCount
 .text.xTaskIncrementTick
                0x08005e98      0x17c Middlewares\Third_Party\FreeRTOS\Source\tasks.o
                0x08005e98                xTaskIncrementTick
 .text.vTaskSwitchContext
                0x08006014       0xb8 Middlewares\Third_Party\FreeRTOS\Source\tasks.o
                0x08006014                vTaskSwitchContext
 .text.vTaskPlaceOnEventList
                0x080060cc       0x48 Middlewares\Third_Party\FreeRTOS\Source\tasks.o
                0x080060cc                vTaskPlaceOnEventList
 .text.vTaskPlaceOnEventListRestricted
                0x08006114       0x54 Middlewares\Third_Party\FreeRTOS\Source\tasks.o
                0x08006114                vTaskPlaceOnEventListRestricted
 .text.xTaskRemoveFromEventList
                0x08006168       0xc4 Middlewares\Third_Party\FreeRTOS\Source\tasks.o
                0x08006168                xTaskRemoveFromEventList
 .text.vTaskInternalSetTimeOutState
                0x0800622c       0x2c Middlewares\Third_Party\FreeRTOS\Source\tasks.o
                0x0800622c                vTaskInternalSetTimeOutState
 .text.xTaskCheckForTimeOut
                0x08006258       0xc0 Middlewares\Third_Party\FreeRTOS\Source\tasks.o
                0x08006258                xTaskCheckForTimeOut
 .text.vTaskMissedYield
                0x08006318       0x18 Middlewares\Third_Party\FreeRTOS\Source\tasks.o
                0x08006318                vTaskMissedYield
 .text.prvIdleTask
                0x08006330       0x30 Middlewares\Third_Party\FreeRTOS\Source\tasks.o
 .text.prvInitialiseTaskLists
                0x08006360       0x80 Middlewares\Third_Party\FreeRTOS\Source\tasks.o
 .text.prvCheckTasksWaitingTermination
                0x080063e0       0x58 Middlewares\Third_Party\FreeRTOS\Source\tasks.o
 .text.prvDeleteTCB
                0x08006438       0x5c Middlewares\Third_Party\FreeRTOS\Source\tasks.o
 .text.prvResetNextTaskUnblockTime
                0x08006494       0x4c Middlewares\Third_Party\FreeRTOS\Source\tasks.o
 .text.xTaskGetSchedulerState
                0x080064e0       0x3c Middlewares\Third_Party\FreeRTOS\Source\tasks.o
                0x080064e0                xTaskGetSchedulerState
 .text.xTaskPriorityInherit
                0x0800651c       0xdc Middlewares\Third_Party\FreeRTOS\Source\tasks.o
                0x0800651c                xTaskPriorityInherit
 .text.xTaskPriorityDisinherit
                0x080065f8       0xd8 Middlewares\Third_Party\FreeRTOS\Source\tasks.o
                0x080065f8                xTaskPriorityDisinherit
 .text.vTaskPriorityDisinheritAfterTimeout
                0x080066d0      0x108 Middlewares\Third_Party\FreeRTOS\Source\tasks.o
                0x080066d0                vTaskPriorityDisinheritAfterTimeout
 .text.pvTaskIncrementMutexHeldCount
                0x080067d8       0x28 Middlewares\Third_Party\FreeRTOS\Source\tasks.o
                0x080067d8                pvTaskIncrementMutexHeldCount
 .text.prvAddCurrentTaskToDelayedList
                0x08006800       0xa8 Middlewares\Third_Party\FreeRTOS\Source\tasks.o
 .text.xTimerCreateTimerTask
                0x080068a8       0x90 Middlewares\Third_Party\FreeRTOS\Source\timers.o
                0x080068a8                xTimerCreateTimerTask
 .text.xTimerGenericCommand
                0x08006938       0x98 Middlewares\Third_Party\FreeRTOS\Source\timers.o
                0x08006938                xTimerGenericCommand
 .text.prvProcessExpiredTimer
                0x080069d0       0x80 Middlewares\Third_Party\FreeRTOS\Source\timers.o
 .text.prvTimerTask
                0x08006a50       0x24 Middlewares\Third_Party\FreeRTOS\Source\timers.o
 .text.prvProcessTimerOrBlockTask
                0x08006a74       0x9c Middlewares\Third_Party\FreeRTOS\Source\timers.o
 .text.prvGetNextExpireTime
                0x08006b10       0x48 Middlewares\Third_Party\FreeRTOS\Source\timers.o
 .text.prvSampleTimeNow
                0x08006b58       0x40 Middlewares\Third_Party\FreeRTOS\Source\timers.o
 .text.prvInsertTimerInActiveList
                0x08006b98       0x84 Middlewares\Third_Party\FreeRTOS\Source\timers.o
 .text.prvProcessReceivedCommands
                0x08006c1c      0x160 Middlewares\Third_Party\FreeRTOS\Source\timers.o
 .text.prvSwitchTimerLists
                0x08006d7c       0xc0 Middlewares\Third_Party\FreeRTOS\Source\timers.o
 .text.prvCheckForValidListAndQueue
                0x08006e3c       0x80 Middlewares\Third_Party\FreeRTOS\Source\timers.o
 .text.delay_init
                0x08006ebc       0x24 SYSTEM\delay\delay.o
                0x08006ebc                delay_init
 .text.delay_us
                0x08006ee0       0x58 SYSTEM\delay\delay.o
                0x08006ee0                delay_us
 .text.delay_ms
                0x08006f38       0x5c SYSTEM\delay\delay.o
                0x08006f38                delay_ms
 .text.MX_FREERTOS_Init
                0x08006f94      0x150 Src\freertos.o
                0x08006f94                MX_FREERTOS_Init
 .text.Task_Draw
                0x080070e4      0x170 Src\freertos.o
                0x080070e4                Task_Draw
 .text.Task_Store
                0x08007254      0x12c Src\freertos.o
                0x08007254                Task_Store
 .text.Task_Plot
                0x08007380       0x8c Src\freertos.o
                0x08007380                Task_Plot
 .text.MX_FSMC_Init
                0x0800740c       0xf4 Src\fsmc.o
                0x0800740c                MX_FSMC_Init
 .text.HAL_FSMC_MspInit
                0x08007500       0xe0 Src\fsmc.o
 .text.HAL_SRAM_MspInit
                0x080075e0       0x14 Src\fsmc.o
                0x080075e0                HAL_SRAM_MspInit
 .text.MX_GPIO_Init
                0x080075f4      0x1c0 Src\gpio.o
                0x080075f4                MX_GPIO_Init
 .text.HAL_GPIO_EXTI_Callback
                0x080077b4       0xd0 Src\gpio.o
                0x080077b4                HAL_GPIO_EXTI_Callback
 .text.main     0x08007884      0x2dc Src\main.o
                0x08007884                main
 .text.SystemClock_Config
                0x08007b60      0x120 Src\main.o
                0x08007b60                SystemClock_Config
 .text.HAL_TIM_PeriodElapsedCallback
                0x08007c80       0x24 Src\main.o
                0x08007c80                HAL_TIM_PeriodElapsedCallback
 .text.Error_Handler
                0x08007ca4        0xe Src\main.o
                0x08007ca4                Error_Handler
 *fill*         0x08007cb2        0x2 
 .text.MX_RTC_Init
                0x08007cb4       0xc8 Src\rtc.o
                0x08007cb4                MX_RTC_Init
 .text.HAL_RTC_MspInit
                0x08007d7c       0x38 Src\rtc.o
                0x08007d7c                HAL_RTC_MspInit
 .text.HAL_RTCEx_WakeUpTimerEventCallback
                0x08007db4      0x290 Src\rtc.o
                0x08007db4                HAL_RTCEx_WakeUpTimerEventCallback
 .text.HAL_MspInit
                0x08008044       0x58 Src\stm32f4xx_hal_msp.o
                0x08008044                HAL_MspInit
 .text.HAL_InitTick
                0x0800809c       0xb4 Src\stm32f4xx_hal_timebase_tim.o
                0x0800809c                HAL_InitTick
 .text.NMI_Handler
                0x08008150        0xe Src\stm32f4xx_it.o
                0x08008150                NMI_Handler
 .text.HardFault_Handler
                0x0800815e        0x6 Src\stm32f4xx_it.o
                0x0800815e                HardFault_Handler
 .text.MemManage_Handler
                0x08008164        0x6 Src\stm32f4xx_it.o
                0x08008164                MemManage_Handler
 .text.BusFault_Handler
                0x0800816a        0x6 Src\stm32f4xx_it.o
                0x0800816a                BusFault_Handler
 .text.UsageFault_Handler
                0x08008170        0x6 Src\stm32f4xx_it.o
                0x08008170                UsageFault_Handler
 .text.DebugMon_Handler
                0x08008176        0xe Src\stm32f4xx_it.o
                0x08008176                DebugMon_Handler
 .text.RTC_WKUP_IRQHandler
                0x08008184       0x14 Src\stm32f4xx_it.o
                0x08008184                RTC_WKUP_IRQHandler
 .text.EXTI2_IRQHandler
                0x08008198        0xe Src\stm32f4xx_it.o
                0x08008198                EXTI2_IRQHandler
 .text.EXTI4_IRQHandler
                0x080081a6        0xe Src\stm32f4xx_it.o
                0x080081a6                EXTI4_IRQHandler
 .text.USART1_IRQHandler
                0x080081b4       0x18 Src\stm32f4xx_it.o
                0x080081b4                USART1_IRQHandler
 .text.TIM6_DAC_IRQHandler
                0x080081cc       0x14 Src\stm32f4xx_it.o
                0x080081cc                TIM6_DAC_IRQHandler
 .text._read    0x080081e0       0x3a Src\syscalls.o
                0x080081e0                _read
 .text._write   0x0800821a       0x38 Src\syscalls.o
                0x0800821a                _write
 *fill*         0x08008252        0x2 
 .text._sbrk    0x08008254       0x58 Src\syscalls.o
                0x08008254                _sbrk
 .text._close   0x080082ac       0x18 Src\syscalls.o
                0x080082ac                _close
 .text._fstat   0x080082c4       0x20 Src\syscalls.o
                0x080082c4                _fstat
 .text._isatty  0x080082e4       0x16 Src\syscalls.o
                0x080082e4                _isatty
 .text._lseek   0x080082fa       0x1a Src\syscalls.o
                0x080082fa                _lseek
 .text.SystemInit
                0x08008314       0x6c Src\system_stm32f4xx.o
                0x08008314                SystemInit
 .text.__NVIC_SystemReset
                0x08008380       0x28 Src\usart.o
 .text.MX_USART1_UART_Init
                0x080083a8       0x54 Src\usart.o
                0x080083a8                MX_USART1_UART_Init
 .text.HAL_UART_MspInit
                0x080083fc       0xa0 Src\usart.o
                0x080083fc                HAL_UART_MspInit
 .text.HAL_UART_RxCpltCallback
                0x0800849c       0x64 Src\usart.o
                0x0800849c                HAL_UART_RxCpltCallback
 .text.on_UART_IDLE
                0x08008500       0xc0 Src\usart.o
                0x08008500                on_UART_IDLE
 .text.updateRTCTime
                0x080085c0      0x334 Src\usart.o
                0x080085c0                updateRTCTime
 .text.AT24CXX_Init
                0x080088f4        0xc UserDrivers\24CXX\24cxx.o
                0x080088f4                AT24CXX_Init
 .text.AT24CXX_ReadOneByte
                0x08008900       0x60 UserDrivers\24CXX\24cxx.o
                0x08008900                AT24CXX_ReadOneByte
 .text.AT24CXX_WriteOneByte
                0x08008960       0x5a UserDrivers\24CXX\24cxx.o
                0x08008960                AT24CXX_WriteOneByte
 .text.AT24CXX_Check
                0x080089ba       0x40 UserDrivers\24CXX\24cxx.o
                0x080089ba                AT24CXX_Check
 .text.AT24CXX_Read
                0x080089fa       0x3c UserDrivers\24CXX\24cxx.o
                0x080089fa                AT24CXX_Read
 .text.AT24CXX_Write
                0x08008a36       0x3e UserDrivers\24CXX\24cxx.o
                0x08008a36                AT24CXX_Write
 .text.DS18B20_Rst
                0x08008a74       0x44 UserDrivers\DS18B20\ds18b20.o
                0x08008a74                DS18B20_Rst
 .text.DS18B20_Check
                0x08008ab8       0x80 UserDrivers\DS18B20\ds18b20.o
                0x08008ab8                DS18B20_Check
 .text.DS18B20_Read_Bit
                0x08008b38       0x78 UserDrivers\DS18B20\ds18b20.o
                0x08008b38                DS18B20_Read_Bit
 .text.DS18B20_Read_Byte
                0x08008bb0       0x42 UserDrivers\DS18B20\ds18b20.o
                0x08008bb0                DS18B20_Read_Byte
 *fill*         0x08008bf2        0x2 
 .text.DS18B20_Write_Byte
                0x08008bf4       0x8c UserDrivers\DS18B20\ds18b20.o
                0x08008bf4                DS18B20_Write_Byte
 .text.DS18B20_Start
                0x08008c80       0x1c UserDrivers\DS18B20\ds18b20.o
                0x08008c80                DS18B20_Start
 .text.DS18B20_Init
                0x08008c9c       0x58 UserDrivers\DS18B20\ds18b20.o
                0x08008c9c                DS18B20_Init
 .text.DS18B20_Get_Temp
                0x08008cf4       0xa8 UserDrivers\DS18B20\ds18b20.o
                0x08008cf4                DS18B20_Get_Temp
 .text.IIC_Init
                0x08008d9c       0x64 UserDrivers\IIC\myiic.o
                0x08008d9c                IIC_Init
 .text.IIC_Start
                0x08008e00       0x50 UserDrivers\IIC\myiic.o
                0x08008e00                IIC_Start
 .text.IIC_Stop
                0x08008e50       0x50 UserDrivers\IIC\myiic.o
                0x08008e50                IIC_Stop
 .text.IIC_Wait_Ack
                0x08008ea0       0x74 UserDrivers\IIC\myiic.o
                0x08008ea0                IIC_Wait_Ack
 .text.IIC_Ack  0x08008f14       0x50 UserDrivers\IIC\myiic.o
                0x08008f14                IIC_Ack
 .text.IIC_NAck
                0x08008f64       0x50 UserDrivers\IIC\myiic.o
                0x08008f64                IIC_NAck
 .text.IIC_Send_Byte
                0x08008fb4       0x7c UserDrivers\IIC\myiic.o
                0x08008fb4                IIC_Send_Byte
 .text.IIC_Read_Byte
                0x08009030       0x88 UserDrivers\IIC\myiic.o
                0x08009030                IIC_Read_Byte
 .text.set_int_enable
                0x080090b8       0xb4 UserDrivers\MPU6050\eMPL\inv_mpu.o
 .text.mpu_init
                0x0800916c      0x228 UserDrivers\MPU6050\eMPL\inv_mpu.o
                0x0800916c                mpu_init
 .text.mpu_lp_accel_mode
                0x08009394       0xf8 UserDrivers\MPU6050\eMPL\inv_mpu.o
                0x08009394                mpu_lp_accel_mode
 .text.mpu_reset_fifo
                0x0800948c      0x208 UserDrivers\MPU6050\eMPL\inv_mpu.o
                0x0800948c                mpu_reset_fifo
 .text.mpu_get_gyro_fsr
                0x08009694       0x68 UserDrivers\MPU6050\eMPL\inv_mpu.o
                0x08009694                mpu_get_gyro_fsr
 .text.mpu_set_gyro_fsr
                0x080096fc       0xa4 UserDrivers\MPU6050\eMPL\inv_mpu.o
                0x080096fc                mpu_set_gyro_fsr
 .text.mpu_get_accel_fsr
                0x080097a0       0x74 UserDrivers\MPU6050\eMPL\inv_mpu.o
                0x080097a0                mpu_get_accel_fsr
 .text.mpu_set_accel_fsr
                0x08009814       0xd0 UserDrivers\MPU6050\eMPL\inv_mpu.o
                0x08009814                mpu_set_accel_fsr
 .text.mpu_get_lpf
                0x080098e4       0x7c UserDrivers\MPU6050\eMPL\inv_mpu.o
                0x080098e4                mpu_get_lpf
 .text.mpu_set_lpf
                0x08009960       0x9c UserDrivers\MPU6050\eMPL\inv_mpu.o
                0x08009960                mpu_set_lpf
 .text.mpu_get_sample_rate
                0x080099fc       0x34 UserDrivers\MPU6050\eMPL\inv_mpu.o
                0x080099fc                mpu_get_sample_rate
 .text.mpu_set_sample_rate
                0x08009a30       0xcc UserDrivers\MPU6050\eMPL\inv_mpu.o
                0x08009a30                mpu_set_sample_rate
 .text.mpu_get_gyro_sens
                0x08009afc       0x70 UserDrivers\MPU6050\eMPL\inv_mpu.o
                0x08009afc                mpu_get_gyro_sens
 .text.mpu_get_accel_sens
                0x08009b6c       0x7c UserDrivers\MPU6050\eMPL\inv_mpu.o
                0x08009b6c                mpu_get_accel_sens
 .text.mpu_get_fifo_config
                0x08009be8       0x24 UserDrivers\MPU6050\eMPL\inv_mpu.o
                0x08009be8                mpu_get_fifo_config
 .text.mpu_configure_fifo
                0x08009c0c       0xa4 UserDrivers\MPU6050\eMPL\inv_mpu.o
                0x08009c0c                mpu_configure_fifo
 .text.mpu_set_sensors
                0x08009cb0      0x10c UserDrivers\MPU6050\eMPL\inv_mpu.o
                0x08009cb0                mpu_set_sensors
 .text.mpu_read_fifo_stream
                0x08009dbc       0xfc UserDrivers\MPU6050\eMPL\inv_mpu.o
                0x08009dbc                mpu_read_fifo_stream
 .text.mpu_set_bypass
                0x08009eb8      0x18c UserDrivers\MPU6050\eMPL\inv_mpu.o
                0x08009eb8                mpu_set_bypass
 .text.mpu_set_int_latched
                0x0800a044       0x88 UserDrivers\MPU6050\eMPL\inv_mpu.o
                0x0800a044                mpu_set_int_latched
 .text.get_accel_prod_shift
                0x0800a0cc      0x120 UserDrivers\MPU6050\eMPL\inv_mpu.o
 .text.accel_self_test
                0x0800a1ec      0x10c UserDrivers\MPU6050\eMPL\inv_mpu.o
 .text.gyro_self_test
                0x0800a2f8      0x180 UserDrivers\MPU6050\eMPL\inv_mpu.o
 .text.get_st_biases
                0x0800a478      0x614 UserDrivers\MPU6050\eMPL\inv_mpu.o
 .text.mpu_run_self_test
                0x0800aa8c      0x1a4 UserDrivers\MPU6050\eMPL\inv_mpu.o
                0x0800aa8c                mpu_run_self_test
 .text.mpu_write_mem
                0x0800ac30       0xa4 UserDrivers\MPU6050\eMPL\inv_mpu.o
                0x0800ac30                mpu_write_mem
 .text.mpu_read_mem
                0x0800acd4       0xa4 UserDrivers\MPU6050\eMPL\inv_mpu.o
                0x0800acd4                mpu_read_mem
 .text.mpu_load_firmware
                0x0800ad78       0xfc UserDrivers\MPU6050\eMPL\inv_mpu.o
                0x0800ad78                mpu_load_firmware
 .text.mpu_set_dmp_state
                0x0800ae74       0xa8 UserDrivers\MPU6050\eMPL\inv_mpu.o
                0x0800ae74                mpu_set_dmp_state
 .text.run_self_test
                0x0800af1c       0xc4 UserDrivers\MPU6050\eMPL\inv_mpu.o
                0x0800af1c                run_self_test
 .text.inv_orientation_matrix_to_scalar
                0x0800afe0       0x50 UserDrivers\MPU6050\eMPL\inv_mpu.o
                0x0800afe0                inv_orientation_matrix_to_scalar
 .text.inv_row_2_scale
                0x0800b030       0x82 UserDrivers\MPU6050\eMPL\inv_mpu.o
                0x0800b030                inv_row_2_scale
 .text.mget_ms  0x0800b0b2       0x14 UserDrivers\MPU6050\eMPL\inv_mpu.o
                0x0800b0b2                mget_ms
 *fill*         0x0800b0c6        0x2 
 .text.mpu_dmp_init
                0x0800b0c8       0xe0 UserDrivers\MPU6050\eMPL\inv_mpu.o
                0x0800b0c8                mpu_dmp_init
 .text.mpu_dmp_get_data
                0x0800b1a8      0x26c UserDrivers\MPU6050\eMPL\inv_mpu.o
                0x0800b1a8                mpu_dmp_get_data
 .text.dmp_load_motion_driver_firmware
                0x0800b414       0x20 UserDrivers\MPU6050\eMPL\inv_mpu_dmp_motion_driver.o
                0x0800b414                dmp_load_motion_driver_firmware
 .text.dmp_set_orientation
                0x0800b434      0x1e4 UserDrivers\MPU6050\eMPL\inv_mpu_dmp_motion_driver.o
                0x0800b434                dmp_set_orientation
 .text.dmp_set_gyro_bias
                0x0800b618      0x1bc UserDrivers\MPU6050\eMPL\inv_mpu_dmp_motion_driver.o
                0x0800b618                dmp_set_gyro_bias
 .text.dmp_set_accel_bias
                0x0800b7d4      0x1ac UserDrivers\MPU6050\eMPL\inv_mpu_dmp_motion_driver.o
                0x0800b7d4                dmp_set_accel_bias
 .text.dmp_set_fifo_rate
                0x0800b980       0x90 UserDrivers\MPU6050\eMPL\inv_mpu_dmp_motion_driver.o
                0x0800b980                dmp_set_fifo_rate
 .text.dmp_set_tap_thresh
                0x0800ba10      0x27c UserDrivers\MPU6050\eMPL\inv_mpu_dmp_motion_driver.o
                0x0800ba10                dmp_set_tap_thresh
 .text.dmp_set_tap_axes
                0x0800bc8c       0x64 UserDrivers\MPU6050\eMPL\inv_mpu_dmp_motion_driver.o
                0x0800bc8c                dmp_set_tap_axes
 .text.dmp_set_tap_count
                0x0800bcf0       0x42 UserDrivers\MPU6050\eMPL\inv_mpu_dmp_motion_driver.o
                0x0800bcf0                dmp_set_tap_count
 *fill*         0x0800bd32        0x2 
 .text.dmp_set_tap_time
                0x0800bd34       0x44 UserDrivers\MPU6050\eMPL\inv_mpu_dmp_motion_driver.o
                0x0800bd34                dmp_set_tap_time
 .text.dmp_set_tap_time_multi
                0x0800bd78       0x44 UserDrivers\MPU6050\eMPL\inv_mpu_dmp_motion_driver.o
                0x0800bd78                dmp_set_tap_time_multi
 .text.dmp_set_shake_reject_thresh
                0x0800bdbc       0x60 UserDrivers\MPU6050\eMPL\inv_mpu_dmp_motion_driver.o
                0x0800bdbc                dmp_set_shake_reject_thresh
 .text.dmp_set_shake_reject_time
                0x0800be1c       0x44 UserDrivers\MPU6050\eMPL\inv_mpu_dmp_motion_driver.o
                0x0800be1c                dmp_set_shake_reject_time
 .text.dmp_set_shake_reject_timeout
                0x0800be60       0x44 UserDrivers\MPU6050\eMPL\inv_mpu_dmp_motion_driver.o
                0x0800be60                dmp_set_shake_reject_timeout
 .text.dmp_enable_feature
                0x0800bea4      0x250 UserDrivers\MPU6050\eMPL\inv_mpu_dmp_motion_driver.o
                0x0800bea4                dmp_enable_feature
 .text.dmp_enable_gyro_cal
                0x0800c0f4       0x60 UserDrivers\MPU6050\eMPL\inv_mpu_dmp_motion_driver.o
                0x0800c0f4                dmp_enable_gyro_cal
 .text.dmp_enable_lp_quat
                0x0800c154       0x4e UserDrivers\MPU6050\eMPL\inv_mpu_dmp_motion_driver.o
                0x0800c154                dmp_enable_lp_quat
 .text.dmp_enable_6x_lp_quat
                0x0800c1a2       0x4e UserDrivers\MPU6050\eMPL\inv_mpu_dmp_motion_driver.o
                0x0800c1a2                dmp_enable_6x_lp_quat
 .text.decode_gesture
                0x0800c1f0       0x88 UserDrivers\MPU6050\eMPL\inv_mpu_dmp_motion_driver.o
 .text.dmp_read_fifo
                0x0800c278      0x2e8 UserDrivers\MPU6050\eMPL\inv_mpu_dmp_motion_driver.o
                0x0800c278                dmp_read_fifo
 .text.MPU_Init
                0x0800c560       0x86 UserDrivers\MPU6050\mpu6050.o
                0x0800c560                MPU_Init
 .text.MPU_Set_Gyro_Fsr
                0x0800c5e6       0x22 UserDrivers\MPU6050\mpu6050.o
                0x0800c5e6                MPU_Set_Gyro_Fsr
 .text.MPU_Set_Accel_Fsr
                0x0800c608       0x22 UserDrivers\MPU6050\mpu6050.o
                0x0800c608                MPU_Set_Accel_Fsr
 .text.MPU_Set_LPF
                0x0800c62a       0x62 UserDrivers\MPU6050\mpu6050.o
                0x0800c62a                MPU_Set_LPF
 .text.MPU_Set_Rate
                0x0800c68c       0x56 UserDrivers\MPU6050\mpu6050.o
                0x0800c68c                MPU_Set_Rate
 .text.MPU_Get_Gyroscope
                0x0800c6e2       0x64 UserDrivers\MPU6050\mpu6050.o
                0x0800c6e2                MPU_Get_Gyroscope
 .text.MPU_Get_Accelerometer
                0x0800c746       0x64 UserDrivers\MPU6050\mpu6050.o
                0x0800c746                MPU_Get_Accelerometer
 .text.MPU_Write_Len
                0x0800c7aa       0x84 UserDrivers\MPU6050\mpu6050.o
                0x0800c7aa                MPU_Write_Len
 .text.MPU_Read_Len
                0x0800c82e       0xa4 UserDrivers\MPU6050\mpu6050.o
                0x0800c82e                MPU_Read_Len
 .text.MPU_Write_Byte
                0x0800c8d2       0x60 UserDrivers\MPU6050\mpu6050.o
                0x0800c8d2                MPU_Write_Byte
 .text.MPU_Read_Byte
                0x0800c932       0x4a UserDrivers\MPU6050\mpu6050.o
                0x0800c932                MPU_Read_Byte
 .text.GetGBKCode
                0x0800c97c       0x44 UserDrivers\TFT_LCD\HzLib.o
                0x0800c97c                GetGBKCode
 .text.LCD_WriteCmd
                0x0800c9c0       0x24 UserDrivers\TFT_LCD\tftlcd.o
                0x0800c9c0                LCD_WriteCmd
 .text.LCD_WriteData
                0x0800c9e4       0x24 UserDrivers\TFT_LCD\tftlcd.o
                0x0800c9e4                LCD_WriteData
 .text.LCD_WriteCmdData
                0x0800ca08       0x28 UserDrivers\TFT_LCD\tftlcd.o
                0x0800ca08                LCD_WriteCmdData
 .text.LCD_WriteData_Color
                0x0800ca30       0x30 UserDrivers\TFT_LCD\tftlcd.o
                0x0800ca30                LCD_WriteData_Color
 .text.LCD_Display_Dir
                0x0800ca60       0x78 UserDrivers\TFT_LCD\tftlcd.o
                0x0800ca60                LCD_Display_Dir
 .text.TFTLCD_Init
                0x0800cad8      0x3c0 UserDrivers\TFT_LCD\tftlcd.o
                0x0800cad8                TFTLCD_Init
 .text.LCD_Set_Window
                0x0800ce98       0xbc UserDrivers\TFT_LCD\tftlcd.o
                0x0800ce98                LCD_Set_Window
 .text.LCD_Clear
                0x0800cf54       0x64 UserDrivers\TFT_LCD\tftlcd.o
                0x0800cf54                LCD_Clear
 .text.LCD_DrawFRONT_COLOR
                0x0800cfb8       0x2e UserDrivers\TFT_LCD\tftlcd.o
                0x0800cfb8                LCD_DrawFRONT_COLOR
 .text.LCD_DrawLine_Color
                0x0800cfe6      0x108 UserDrivers\TFT_LCD\tftlcd.o
                0x0800cfe6                LCD_DrawLine_Color
 *fill*         0x0800d0ee        0x2 
 .text.LCD_ShowChar
                0x0800d0f0      0x184 UserDrivers\TFT_LCD\tftlcd.o
                0x0800d0f0                LCD_ShowChar
 .text.LCD_ShowFloat
                0x0800d274      0x1d8 UserDrivers\TFT_LCD\tftlcd.o
                0x0800d274                LCD_ShowFloat
 .text.LCD_ShowString
                0x0800d44c       0x80 UserDrivers\TFT_LCD\tftlcd.o
                0x0800d44c                LCD_ShowString
 .text.LCD_ShowHZ16
                0x0800d4cc       0xf4 UserDrivers\TFT_LCD\tftlcd.o
                0x0800d4cc                LCD_ShowHZ16
 .text.Reset_Handler
                0x0800d5c0       0x50 startup\startup_stm32f407xx.o
                0x0800d5c0                Reset_Handler
 .text.Default_Handler
                0x0800d610        0x2 startup\startup_stm32f407xx.o
                0x0800d610                RTC_Alarm_IRQHandler
                0x0800d610                HASH_RNG_IRQHandler
                0x0800d610                TIM8_CC_IRQHandler
                0x0800d610                TIM1_CC_IRQHandler
                0x0800d610                DMA2_Stream5_IRQHandler
                0x0800d610                DMA1_Stream5_IRQHandler
                0x0800d610                PVD_IRQHandler
                0x0800d610                SDIO_IRQHandler
                0x0800d610                TAMP_STAMP_IRQHandler
                0x0800d610                CAN2_RX1_IRQHandler
                0x0800d610                EXTI3_IRQHandler
                0x0800d610                TIM8_TRG_COM_TIM14_IRQHandler
                0x0800d610                TIM1_UP_TIM10_IRQHandler
                0x0800d610                TIM8_UP_TIM13_IRQHandler
                0x0800d610                I2C3_ER_IRQHandler
                0x0800d610                EXTI0_IRQHandler
                0x0800d610                I2C2_EV_IRQHandler
                0x0800d610                DMA1_Stream2_IRQHandler
                0x0800d610                CAN1_RX0_IRQHandler
                0x0800d610                FPU_IRQHandler
                0x0800d610                OTG_HS_WKUP_IRQHandler
                0x0800d610                CAN2_SCE_IRQHandler
                0x0800d610                DMA2_Stream2_IRQHandler
                0x0800d610                SPI1_IRQHandler
                0x0800d610                TIM1_BRK_TIM9_IRQHandler
                0x0800d610                DCMI_IRQHandler
                0x0800d610                CAN2_RX0_IRQHandler
                0x0800d610                DMA2_Stream3_IRQHandler
                0x0800d610                USART6_IRQHandler
                0x0800d610                USART3_IRQHandler
                0x0800d610                CAN1_RX1_IRQHandler
                0x0800d610                UART5_IRQHandler
                0x0800d610                DMA2_Stream0_IRQHandler
                0x0800d610                TIM4_IRQHandler
                0x0800d610                I2C1_EV_IRQHandler
                0x0800d610                DMA1_Stream6_IRQHandler
                0x0800d610                DMA1_Stream1_IRQHandler
                0x0800d610                UART4_IRQHandler
                0x0800d610                TIM3_IRQHandler
                0x0800d610                RCC_IRQHandler
                0x0800d610                TIM8_BRK_TIM12_IRQHandler
                0x0800d610                Default_Handler
                0x0800d610                EXTI15_10_IRQHandler
                0x0800d610                ADC_IRQHandler
                0x0800d610                DMA1_Stream7_IRQHandler
                0x0800d610                TIM7_IRQHandler
                0x0800d610                CAN2_TX_IRQHandler
                0x0800d610                TIM5_IRQHandler
                0x0800d610                DMA2_Stream7_IRQHandler
                0x0800d610                I2C3_EV_IRQHandler
                0x0800d610                EXTI9_5_IRQHandler
                0x0800d610                ETH_WKUP_IRQHandler
                0x0800d610                SPI2_IRQHandler
                0x0800d610                OTG_HS_EP1_IN_IRQHandler
                0x0800d610                DMA1_Stream0_IRQHandler
                0x0800d610                CAN1_TX_IRQHandler
                0x0800d610                FSMC_IRQHandler
                0x0800d610                ETH_IRQHandler
                0x0800d610                OTG_HS_EP1_OUT_IRQHandler
                0x0800d610                WWDG_IRQHandler
                0x0800d610                TIM2_IRQHandler
                0x0800d610                OTG_FS_WKUP_IRQHandler
                0x0800d610                TIM1_TRG_COM_TIM11_IRQHandler
                0x0800d610                OTG_HS_IRQHandler
                0x0800d610                EXTI1_IRQHandler
                0x0800d610                USART2_IRQHandler
                0x0800d610                I2C2_ER_IRQHandler
                0x0800d610                DMA2_Stream1_IRQHandler
                0x0800d610                CAN1_SCE_IRQHandler
                0x0800d610                FLASH_IRQHandler
                0x0800d610                DMA2_Stream4_IRQHandler
                0x0800d610                OTG_FS_IRQHandler
                0x0800d610                SPI3_IRQHandler
                0x0800d610                DMA1_Stream4_IRQHandler
                0x0800d610                I2C1_ER_IRQHandler
                0x0800d610                DMA2_Stream6_IRQHandler
                0x0800d610                DMA1_Stream3_IRQHandler
 *fill*         0x0800d612        0x2 
 .text.__errno  0x0800d614        0xc d:/embedded system/software/truestudio for stm32 9.3.0/armtools/bin/../lib/gcc/arm-atollic-eabi/6.3.1/../../../../arm-atollic-eabi/lib/armv7e-m/fpu\libc.a(lib_a-errno.o)
                0x0800d614                __errno
 .text.__libc_init_array
                0x0800d620       0x48 d:/embedded system/software/truestudio for stm32 9.3.0/armtools/bin/../lib/gcc/arm-atollic-eabi/6.3.1/../../../../arm-atollic-eabi/lib/armv7e-m/fpu\libc.a(lib_a-init.o)
                0x0800d620                __libc_init_array
 .text.memcmp   0x0800d668       0x1e d:/embedded system/software/truestudio for stm32 9.3.0/armtools/bin/../lib/gcc/arm-atollic-eabi/6.3.1/../../../../arm-atollic-eabi/lib/armv7e-m/fpu\libc.a(lib_a-memcmp.o)
                0x0800d668                memcmp
 .text.memcpy   0x0800d686       0x16 d:/embedded system/software/truestudio for stm32 9.3.0/armtools/bin/../lib/gcc/arm-atollic-eabi/6.3.1/../../../../arm-atollic-eabi/lib/armv7e-m/fpu\libc.a(lib_a-memcpy-stub.o)
                0x0800d686                memcpy
 .text.memset   0x0800d69c       0x10 d:/embedded system/software/truestudio for stm32 9.3.0/armtools/bin/../lib/gcc/arm-atollic-eabi/6.3.1/../../../../arm-atollic-eabi/lib/armv7e-m/fpu\libc.a(lib_a-memset.o)
                0x0800d69c                memset
 .text.printf   0x0800d6ac       0x30 d:/embedded system/software/truestudio for stm32 9.3.0/armtools/bin/../lib/gcc/arm-atollic-eabi/6.3.1/../../../../arm-atollic-eabi/lib/armv7e-m/fpu\libc.a(lib_a-printf.o)
                0x0800d6ac                printf
 .text._puts_r  0x0800d6dc       0xc0 d:/embedded system/software/truestudio for stm32 9.3.0/armtools/bin/../lib/gcc/arm-atollic-eabi/6.3.1/../../../../arm-atollic-eabi/lib/armv7e-m/fpu\libc.a(lib_a-puts.o)
                0x0800d6dc                _puts_r
 .text.puts     0x0800d79c       0x10 d:/embedded system/software/truestudio for stm32 9.3.0/armtools/bin/../lib/gcc/arm-atollic-eabi/6.3.1/../../../../arm-atollic-eabi/lib/armv7e-m/fpu\libc.a(lib_a-puts.o)
                0x0800d79c                puts
 .text.siprintf
                0x0800d7ac       0x48 d:/embedded system/software/truestudio for stm32 9.3.0/armtools/bin/../lib/gcc/arm-atollic-eabi/6.3.1/../../../../arm-atollic-eabi/lib/armv7e-m/fpu\libc.a(lib_a-siprintf.o)
                0x0800d7ac                siprintf
 .text.strcat   0x0800d7f4       0x1e d:/embedded system/software/truestudio for stm32 9.3.0/armtools/bin/../lib/gcc/arm-atollic-eabi/6.3.1/../../../../arm-atollic-eabi/lib/armv7e-m/fpu\libc.a(lib_a-strcat.o)
                0x0800d7f4                strcat
 .text.__ssprint_r
                0x0800d812       0xf4 d:/embedded system/software/truestudio for stm32 9.3.0/armtools/bin/../lib/gcc/arm-atollic-eabi/6.3.1/../../../../arm-atollic-eabi/lib/armv7e-m/fpu\libc.a(lib_a-svfiprintf.o)
                0x0800d812                __ssprint_r
 *fill*         0x0800d906        0x2 
 .text._svfiprintf_r
                0x0800d908      0x7d0 d:/embedded system/software/truestudio for stm32 9.3.0/armtools/bin/../lib/gcc/arm-atollic-eabi/6.3.1/../../../../arm-atollic-eabi/lib/armv7e-m/fpu\libc.a(lib_a-svfiprintf.o)
                0x0800d908                _svfiprintf_r
 .text._vfprintf_r
                0x0800e0d8     0x1078 d:/embedded system/software/truestudio for stm32 9.3.0/armtools/bin/../lib/gcc/arm-atollic-eabi/6.3.1/../../../../arm-atollic-eabi/lib/armv7e-m/fpu\libc.a(lib_a-vfprintf.o)
                0x0800e0d8                _vfprintf_r
 .text.__sbprintf
                0x0800f150       0x80 d:/embedded system/software/truestudio for stm32 9.3.0/armtools/bin/../lib/gcc/arm-atollic-eabi/6.3.1/../../../../arm-atollic-eabi/lib/armv7e-m/fpu\libc.a(lib_a-vfprintf.o)
 .text.__swsetup_r
                0x0800f1d0       0xdc d:/embedded system/software/truestudio for stm32 9.3.0/armtools/bin/../lib/gcc/arm-atollic-eabi/6.3.1/../../../../arm-atollic-eabi/lib/armv7e-m/fpu\libc.a(lib_a-wsetup.o)
                0x0800f1d0                __swsetup_r
 .text.quorem   0x0800f2ac      0x118 d:/embedded system/software/truestudio for stm32 9.3.0/armtools/bin/../lib/gcc/arm-atollic-eabi/6.3.1/../../../../arm-atollic-eabi/lib/armv7e-m/fpu\libc.a(lib_a-dtoa.o)
 *fill*         0x0800f3c4        0x4 
 .text._dtoa_r  0x0800f3c8      0xb9c d:/embedded system/software/truestudio for stm32 9.3.0/armtools/bin/../lib/gcc/arm-atollic-eabi/6.3.1/../../../../arm-atollic-eabi/lib/armv7e-m/fpu\libc.a(lib_a-dtoa.o)
                0x0800f3c8                _dtoa_r
 .text.__sflush_r
                0x0800ff64      0x124 d:/embedded system/software/truestudio for stm32 9.3.0/armtools/bin/../lib/gcc/arm-atollic-eabi/6.3.1/../../../../arm-atollic-eabi/lib/armv7e-m/fpu\libc.a(lib_a-fflush.o)
                0x0800ff64                __sflush_r
 .text._fflush_r
                0x08010088       0x78 d:/embedded system/software/truestudio for stm32 9.3.0/armtools/bin/../lib/gcc/arm-atollic-eabi/6.3.1/../../../../arm-atollic-eabi/lib/armv7e-m/fpu\libc.a(lib_a-fflush.o)
                0x08010088                _fflush_r
 .text._cleanup_r
                0x08010100        0xc d:/embedded system/software/truestudio for stm32 9.3.0/armtools/bin/../lib/gcc/arm-atollic-eabi/6.3.1/../../../../arm-atollic-eabi/lib/armv7e-m/fpu\libc.a(lib_a-findfp.o)
                0x08010100                _cleanup_r
 .text.std.isra.0
                0x0801010c       0x48 d:/embedded system/software/truestudio for stm32 9.3.0/armtools/bin/../lib/gcc/arm-atollic-eabi/6.3.1/../../../../arm-atollic-eabi/lib/armv7e-m/fpu\libc.a(lib_a-findfp.o)
 .text.__sfmoreglue
                0x08010154       0x2c d:/embedded system/software/truestudio for stm32 9.3.0/armtools/bin/../lib/gcc/arm-atollic-eabi/6.3.1/../../../../arm-atollic-eabi/lib/armv7e-m/fpu\libc.a(lib_a-findfp.o)
                0x08010154                __sfmoreglue
 .text.__sfp_lock_acquire
                0x08010180        0xc d:/embedded system/software/truestudio for stm32 9.3.0/armtools/bin/../lib/gcc/arm-atollic-eabi/6.3.1/../../../../arm-atollic-eabi/lib/armv7e-m/fpu\libc.a(lib_a-findfp.o)
                0x08010180                __sfp_lock_acquire
 .text.__sfp_lock_release
                0x0801018c        0xc d:/embedded system/software/truestudio for stm32 9.3.0/armtools/bin/../lib/gcc/arm-atollic-eabi/6.3.1/../../../../arm-atollic-eabi/lib/armv7e-m/fpu\libc.a(lib_a-findfp.o)
                0x0801018c                __sfp_lock_release
 .text.__sinit_lock_acquire
                0x08010198        0xc d:/embedded system/software/truestudio for stm32 9.3.0/armtools/bin/../lib/gcc/arm-atollic-eabi/6.3.1/../../../../arm-atollic-eabi/lib/armv7e-m/fpu\libc.a(lib_a-findfp.o)
                0x08010198                __sinit_lock_acquire
 .text.__sinit_lock_release
                0x080101a4        0xc d:/embedded system/software/truestudio for stm32 9.3.0/armtools/bin/../lib/gcc/arm-atollic-eabi/6.3.1/../../../../arm-atollic-eabi/lib/armv7e-m/fpu\libc.a(lib_a-findfp.o)
                0x080101a4                __sinit_lock_release
 .text.__sinit  0x080101b0       0x74 d:/embedded system/software/truestudio for stm32 9.3.0/armtools/bin/../lib/gcc/arm-atollic-eabi/6.3.1/../../../../arm-atollic-eabi/lib/armv7e-m/fpu\libc.a(lib_a-findfp.o)
                0x080101b0                __sinit
 .text.__sfp    0x08010224       0x8c d:/embedded system/software/truestudio for stm32 9.3.0/armtools/bin/../lib/gcc/arm-atollic-eabi/6.3.1/../../../../arm-atollic-eabi/lib/armv7e-m/fpu\libc.a(lib_a-findfp.o)
                0x08010224                __sfp
 .text._malloc_trim_r
                0x080102b0       0xac d:/embedded system/software/truestudio for stm32 9.3.0/armtools/bin/../lib/gcc/arm-atollic-eabi/6.3.1/../../../../arm-atollic-eabi/lib/armv7e-m/fpu\libc.a(lib_a-freer.o)
                0x080102b0                _malloc_trim_r
 .text._free_r  0x0801035c      0x178 d:/embedded system/software/truestudio for stm32 9.3.0/armtools/bin/../lib/gcc/arm-atollic-eabi/6.3.1/../../../../arm-atollic-eabi/lib/armv7e-m/fpu\libc.a(lib_a-freer.o)
                0x0801035c                _free_r
 .text.__sfvwrite_r
                0x080104d4      0x29c d:/embedded system/software/truestudio for stm32 9.3.0/armtools/bin/../lib/gcc/arm-atollic-eabi/6.3.1/../../../../arm-atollic-eabi/lib/armv7e-m/fpu\libc.a(lib_a-fvwrite.o)
                0x080104d4                __sfvwrite_r
 .text._fwalk_reent
                0x08010770       0x3c d:/embedded system/software/truestudio for stm32 9.3.0/armtools/bin/../lib/gcc/arm-atollic-eabi/6.3.1/../../../../arm-atollic-eabi/lib/armv7e-m/fpu\libc.a(lib_a-fwalk.o)
                0x08010770                _fwalk_reent
 .text._localeconv_r
                0x080107ac       0x1c d:/embedded system/software/truestudio for stm32 9.3.0/armtools/bin/../lib/gcc/arm-atollic-eabi/6.3.1/../../../../arm-atollic-eabi/lib/armv7e-m/fpu\libc.a(lib_a-localeconv.o)
                0x080107ac                _localeconv_r
 .text.__retarget_lock_init_recursive
                0x080107c8        0x2 d:/embedded system/software/truestudio for stm32 9.3.0/armtools/bin/../lib/gcc/arm-atollic-eabi/6.3.1/../../../../arm-atollic-eabi/lib/armv7e-m/fpu\libc.a(lib_a-lock.o)
                0x080107c8                __retarget_lock_init_recursive
 .text.__retarget_lock_close_recursive
                0x080107ca        0x2 d:/embedded system/software/truestudio for stm32 9.3.0/armtools/bin/../lib/gcc/arm-atollic-eabi/6.3.1/../../../../arm-atollic-eabi/lib/armv7e-m/fpu\libc.a(lib_a-lock.o)
                0x080107ca                __retarget_lock_close_recursive
 .text.__retarget_lock_acquire_recursive
                0x080107cc        0x2 d:/embedded system/software/truestudio for stm32 9.3.0/armtools/bin/../lib/gcc/arm-atollic-eabi/6.3.1/../../../../arm-atollic-eabi/lib/armv7e-m/fpu\libc.a(lib_a-lock.o)
                0x080107cc                __retarget_lock_acquire_recursive
 .text.__retarget_lock_release_recursive
                0x080107ce        0x2 d:/embedded system/software/truestudio for stm32 9.3.0/armtools/bin/../lib/gcc/arm-atollic-eabi/6.3.1/../../../../arm-atollic-eabi/lib/armv7e-m/fpu\libc.a(lib_a-lock.o)
                0x080107ce                __retarget_lock_release_recursive
 .text.__swhatbuf_r
                0x080107d0       0x56 d:/embedded system/software/truestudio for stm32 9.3.0/armtools/bin/../lib/gcc/arm-atollic-eabi/6.3.1/../../../../arm-atollic-eabi/lib/armv7e-m/fpu\libc.a(lib_a-makebuf.o)
                0x080107d0                __swhatbuf_r
 *fill*         0x08010826        0x2 
 .text.__smakebuf_r
                0x08010828       0x80 d:/embedded system/software/truestudio for stm32 9.3.0/armtools/bin/../lib/gcc/arm-atollic-eabi/6.3.1/../../../../arm-atollic-eabi/lib/armv7e-m/fpu\libc.a(lib_a-makebuf.o)
                0x08010828                __smakebuf_r
 .text.malloc   0x080108a8       0x10 d:/embedded system/software/truestudio for stm32 9.3.0/armtools/bin/../lib/gcc/arm-atollic-eabi/6.3.1/../../../../arm-atollic-eabi/lib/armv7e-m/fpu\libc.a(lib_a-malloc.o)
                0x080108a8                malloc
 .text._malloc_r
                0x080108b8      0x41c d:/embedded system/software/truestudio for stm32 9.3.0/armtools/bin/../lib/gcc/arm-atollic-eabi/6.3.1/../../../../arm-atollic-eabi/lib/armv7e-m/fpu\libc.a(lib_a-mallocr.o)
                0x080108b8                _malloc_r
 .text.memmove  0x08010cd4       0x34 d:/embedded system/software/truestudio for stm32 9.3.0/armtools/bin/../lib/gcc/arm-atollic-eabi/6.3.1/../../../../arm-atollic-eabi/lib/armv7e-m/fpu\libc.a(lib_a-memmove.o)
                0x08010cd4                memmove
 .text.__malloc_lock
                0x08010d08        0xc d:/embedded system/software/truestudio for stm32 9.3.0/armtools/bin/../lib/gcc/arm-atollic-eabi/6.3.1/../../../../arm-atollic-eabi/lib/armv7e-m/fpu\libc.a(lib_a-mlock.o)
                0x08010d08                __malloc_lock
 .text.__malloc_unlock
                0x08010d14        0xc d:/embedded system/software/truestudio for stm32 9.3.0/armtools/bin/../lib/gcc/arm-atollic-eabi/6.3.1/../../../../arm-atollic-eabi/lib/armv7e-m/fpu\libc.a(lib_a-mlock.o)
                0x08010d14                __malloc_unlock
 .text._Balloc  0x08010d20       0x68 d:/embedded system/software/truestudio for stm32 9.3.0/armtools/bin/../lib/gcc/arm-atollic-eabi/6.3.1/../../../../arm-atollic-eabi/lib/armv7e-m/fpu\libc.a(lib_a-mprec.o)
                0x08010d20                _Balloc
 .text._Bfree   0x08010d88       0x2e d:/embedded system/software/truestudio for stm32 9.3.0/armtools/bin/../lib/gcc/arm-atollic-eabi/6.3.1/../../../../arm-atollic-eabi/lib/armv7e-m/fpu\libc.a(lib_a-mprec.o)
                0x08010d88                _Bfree
 .text.__multadd
                0x08010db6       0x76 d:/embedded system/software/truestudio for stm32 9.3.0/armtools/bin/../lib/gcc/arm-atollic-eabi/6.3.1/../../../../arm-atollic-eabi/lib/armv7e-m/fpu\libc.a(lib_a-mprec.o)
                0x08010db6                __multadd
 .text.__hi0bits
                0x08010e2c       0x3e d:/embedded system/software/truestudio for stm32 9.3.0/armtools/bin/../lib/gcc/arm-atollic-eabi/6.3.1/../../../../arm-atollic-eabi/lib/armv7e-m/fpu\libc.a(lib_a-mprec.o)
                0x08010e2c                __hi0bits
 .text.__lo0bits
                0x08010e6a       0x5e d:/embedded system/software/truestudio for stm32 9.3.0/armtools/bin/../lib/gcc/arm-atollic-eabi/6.3.1/../../../../arm-atollic-eabi/lib/armv7e-m/fpu\libc.a(lib_a-mprec.o)
                0x08010e6a                __lo0bits
 .text.__i2b    0x08010ec8       0x12 d:/embedded system/software/truestudio for stm32 9.3.0/armtools/bin/../lib/gcc/arm-atollic-eabi/6.3.1/../../../../arm-atollic-eabi/lib/armv7e-m/fpu\libc.a(lib_a-mprec.o)
                0x08010ec8                __i2b
 .text.__multiply
                0x08010eda      0x11a d:/embedded system/software/truestudio for stm32 9.3.0/armtools/bin/../lib/gcc/arm-atollic-eabi/6.3.1/../../../../arm-atollic-eabi/lib/armv7e-m/fpu\libc.a(lib_a-mprec.o)
                0x08010eda                __multiply
 .text.__pow5mult
                0x08010ff4       0x9c d:/embedded system/software/truestudio for stm32 9.3.0/armtools/bin/../lib/gcc/arm-atollic-eabi/6.3.1/../../../../arm-atollic-eabi/lib/armv7e-m/fpu\libc.a(lib_a-mprec.o)
                0x08010ff4                __pow5mult
 .text.__lshift
                0x08011090       0xa2 d:/embedded system/software/truestudio for stm32 9.3.0/armtools/bin/../lib/gcc/arm-atollic-eabi/6.3.1/../../../../arm-atollic-eabi/lib/armv7e-m/fpu\libc.a(lib_a-mprec.o)
                0x08011090                __lshift
 .text.__mcmp   0x08011132       0x34 d:/embedded system/software/truestudio for stm32 9.3.0/armtools/bin/../lib/gcc/arm-atollic-eabi/6.3.1/../../../../arm-atollic-eabi/lib/armv7e-m/fpu\libc.a(lib_a-mprec.o)
                0x08011132                __mcmp
 .text.__mdiff  0x08011166       0xbc d:/embedded system/software/truestudio for stm32 9.3.0/armtools/bin/../lib/gcc/arm-atollic-eabi/6.3.1/../../../../arm-atollic-eabi/lib/armv7e-m/fpu\libc.a(lib_a-mprec.o)
                0x08011166                __mdiff
 .text.__d2b    0x08011222       0x9e d:/embedded system/software/truestudio for stm32 9.3.0/armtools/bin/../lib/gcc/arm-atollic-eabi/6.3.1/../../../../arm-atollic-eabi/lib/armv7e-m/fpu\libc.a(lib_a-mprec.o)
                0x08011222                __d2b
 .text._realloc_r
                0x080112c0      0x300 d:/embedded system/software/truestudio for stm32 9.3.0/armtools/bin/../lib/gcc/arm-atollic-eabi/6.3.1/../../../../arm-atollic-eabi/lib/armv7e-m/fpu\libc.a(lib_a-reallocr.o)
                0x080112c0                _realloc_r
 .text._sbrk_r  0x080115c0       0x20 d:/embedded system/software/truestudio for stm32 9.3.0/armtools/bin/../lib/gcc/arm-atollic-eabi/6.3.1/../../../../arm-atollic-eabi/lib/armv7e-m/fpu\libc.a(lib_a-sbrkr.o)
                0x080115c0                _sbrk_r
 .text.__sread  0x080115e0       0x22 d:/embedded system/software/truestudio for stm32 9.3.0/armtools/bin/../lib/gcc/arm-atollic-eabi/6.3.1/../../../../arm-atollic-eabi/lib/armv7e-m/fpu\libc.a(lib_a-stdio.o)
                0x080115e0                __sread
 .text.__swrite
                0x08011602       0x38 d:/embedded system/software/truestudio for stm32 9.3.0/armtools/bin/../lib/gcc/arm-atollic-eabi/6.3.1/../../../../arm-atollic-eabi/lib/armv7e-m/fpu\libc.a(lib_a-stdio.o)
                0x08011602                __swrite
 .text.__sseek  0x0801163a       0x24 d:/embedded system/software/truestudio for stm32 9.3.0/armtools/bin/../lib/gcc/arm-atollic-eabi/6.3.1/../../../../arm-atollic-eabi/lib/armv7e-m/fpu\libc.a(lib_a-stdio.o)
                0x0801163a                __sseek
 .text.__sclose
                0x0801165e        0x8 d:/embedded system/software/truestudio for stm32 9.3.0/armtools/bin/../lib/gcc/arm-atollic-eabi/6.3.1/../../../../arm-atollic-eabi/lib/armv7e-m/fpu\libc.a(lib_a-stdio.o)
                0x0801165e                __sclose
 .text.__sprint_r
                0x08011666       0x6a d:/embedded system/software/truestudio for stm32 9.3.0/armtools/bin/../lib/gcc/arm-atollic-eabi/6.3.1/../../../../arm-atollic-eabi/lib/armv7e-m/fpu\libc.a(lib_a-vfiprintf.o)
                0x08011666                __sprint_r
 .text._write_r
                0x080116d0       0x24 d:/embedded system/software/truestudio for stm32 9.3.0/armtools/bin/../lib/gcc/arm-atollic-eabi/6.3.1/../../../../arm-atollic-eabi/lib/armv7e-m/fpu\libc.a(lib_a-writer.o)
                0x080116d0                _write_r
 .text._calloc_r
                0x080116f4       0x5a d:/embedded system/software/truestudio for stm32 9.3.0/armtools/bin/../lib/gcc/arm-atollic-eabi/6.3.1/../../../../arm-atollic-eabi/lib/armv7e-m/fpu\libc.a(lib_a-callocr.o)
                0x080116f4                _calloc_r
 *fill*         0x0801174e        0x2 
 .text._close_r
                0x08011750       0x20 d:/embedded system/software/truestudio for stm32 9.3.0/armtools/bin/../lib/gcc/arm-atollic-eabi/6.3.1/../../../../arm-atollic-eabi/lib/armv7e-m/fpu\libc.a(lib_a-closer.o)
                0x08011750                _close_r
 .text._fclose_r
                0x08011770       0xd8 d:/embedded system/software/truestudio for stm32 9.3.0/armtools/bin/../lib/gcc/arm-atollic-eabi/6.3.1/../../../../arm-atollic-eabi/lib/armv7e-m/fpu\libc.a(lib_a-fclose.o)
                0x08011770                _fclose_r
 .text.__fputwc
                0x08011848       0x82 d:/embedded system/software/truestudio for stm32 9.3.0/armtools/bin/../lib/gcc/arm-atollic-eabi/6.3.1/../../../../arm-atollic-eabi/lib/armv7e-m/fpu\libc.a(lib_a-fputwc.o)
                0x08011848                __fputwc
 .text._fputwc_r
                0x080118ca       0x52 d:/embedded system/software/truestudio for stm32 9.3.0/armtools/bin/../lib/gcc/arm-atollic-eabi/6.3.1/../../../../arm-atollic-eabi/lib/armv7e-m/fpu\libc.a(lib_a-fputwc.o)
                0x080118ca                _fputwc_r
 .text._fstat_r
                0x0801191c       0x24 d:/embedded system/software/truestudio for stm32 9.3.0/armtools/bin/../lib/gcc/arm-atollic-eabi/6.3.1/../../../../arm-atollic-eabi/lib/armv7e-m/fpu\libc.a(lib_a-fstatr.o)
                0x0801191c                _fstat_r
 .text._isatty_r
                0x08011940       0x20 d:/embedded system/software/truestudio for stm32 9.3.0/armtools/bin/../lib/gcc/arm-atollic-eabi/6.3.1/../../../../arm-atollic-eabi/lib/armv7e-m/fpu\libc.a(lib_a-isattyr.o)
                0x08011940                _isatty_r
 .text.__locale_mb_cur_max
                0x08011960       0x1c d:/embedded system/software/truestudio for stm32 9.3.0/armtools/bin/../lib/gcc/arm-atollic-eabi/6.3.1/../../../../arm-atollic-eabi/lib/armv7e-m/fpu\libc.a(lib_a-locale.o)
                0x08011960                __locale_mb_cur_max
 .text._lseek_r
                0x0801197c       0x24 d:/embedded system/software/truestudio for stm32 9.3.0/armtools/bin/../lib/gcc/arm-atollic-eabi/6.3.1/../../../../arm-atollic-eabi/lib/armv7e-m/fpu\libc.a(lib_a-lseekr.o)
                0x0801197c                _lseek_r
 .text.__ascii_mbtowc
                0x080119a0       0x24 d:/embedded system/software/truestudio for stm32 9.3.0/armtools/bin/../lib/gcc/arm-atollic-eabi/6.3.1/../../../../arm-atollic-eabi/lib/armv7e-m/fpu\libc.a(lib_a-mbtowc_r.o)
                0x080119a0                __ascii_mbtowc
 .text._read_r  0x080119c4       0x24 d:/embedded system/software/truestudio for stm32 9.3.0/armtools/bin/../lib/gcc/arm-atollic-eabi/6.3.1/../../../../arm-atollic-eabi/lib/armv7e-m/fpu\libc.a(lib_a-readr.o)
                0x080119c4                _read_r
 .text.__swbuf_r
                0x080119e8       0xbc d:/embedded system/software/truestudio for stm32 9.3.0/armtools/bin/../lib/gcc/arm-atollic-eabi/6.3.1/../../../../arm-atollic-eabi/lib/armv7e-m/fpu\libc.a(lib_a-wbuf.o)
                0x080119e8                __swbuf_r
 .text._wcrtomb_r
                0x08011aa4       0x50 d:/embedded system/software/truestudio for stm32 9.3.0/armtools/bin/../lib/gcc/arm-atollic-eabi/6.3.1/../../../../arm-atollic-eabi/lib/armv7e-m/fpu\libc.a(lib_a-wcrtomb.o)
                0x08011aa4                _wcrtomb_r
 .text.__ascii_wctomb
                0x08011af4       0x1a d:/embedded system/software/truestudio for stm32 9.3.0/armtools/bin/../lib/gcc/arm-atollic-eabi/6.3.1/../../../../arm-atollic-eabi/lib/armv7e-m/fpu\libc.a(lib_a-wctomb_r.o)
                0x08011af4                __ascii_wctomb
 *fill*         0x08011b0e        0x2 
 .text.lrintf   0x08011b10       0x80 d:/embedded system/software/truestudio for stm32 9.3.0/armtools/bin/../lib/gcc/arm-atollic-eabi/6.3.1/../../../../arm-atollic-eabi/lib/armv7e-m/fpu\libm.a(lib_a-sf_lrint.o)
                0x08011b10                lrintf
 .text.roundf   0x08011b90       0x4c d:/embedded system/software/truestudio for stm32 9.3.0/armtools/bin/../lib/gcc/arm-atollic-eabi/6.3.1/../../../../arm-atollic-eabi/lib/armv7e-m/fpu\libm.a(lib_a-sf_round.o)
                0x08011b90                roundf
 .text.asin     0x08011bdc       0xb0 d:/embedded system/software/truestudio for stm32 9.3.0/armtools/bin/../lib/gcc/arm-atollic-eabi/6.3.1/../../../../arm-atollic-eabi/lib/armv7e-m/fpu\libm.a(lib_a-w_asin.o)
                0x08011bdc                asin
 .text.atan2    0x08011c8c        0x4 d:/embedded system/software/truestudio for stm32 9.3.0/armtools/bin/../lib/gcc/arm-atollic-eabi/6.3.1/../../../../arm-atollic-eabi/lib/armv7e-m/fpu\libm.a(lib_a-w_atan2.o)
                0x08011c8c                atan2
 .text.__ieee754_asin
                0x08011c90      0x418 d:/embedded system/software/truestudio for stm32 9.3.0/armtools/bin/../lib/gcc/arm-atollic-eabi/6.3.1/../../../../arm-atollic-eabi/lib/armv7e-m/fpu\libm.a(lib_a-e_asin.o)
                0x08011c90                __ieee754_asin
 .text.__ieee754_atan2
                0x080120a8      0x1b4 d:/embedded system/software/truestudio for stm32 9.3.0/armtools/bin/../lib/gcc/arm-atollic-eabi/6.3.1/../../../../arm-atollic-eabi/lib/armv7e-m/fpu\libm.a(lib_a-e_atan2.o)
                0x080120a8                __ieee754_atan2
 .text.__ieee754_sqrt
                0x0801225c      0x160 d:/embedded system/software/truestudio for stm32 9.3.0/armtools/bin/../lib/gcc/arm-atollic-eabi/6.3.1/../../../../arm-atollic-eabi/lib/armv7e-m/fpu\libm.a(lib_a-e_sqrt.o)
                0x0801225c                __ieee754_sqrt
 *fill*         0x080123bc        0x4 
 .text.atan     0x080123c0      0x350 d:/embedded system/software/truestudio for stm32 9.3.0/armtools/bin/../lib/gcc/arm-atollic-eabi/6.3.1/../../../../arm-atollic-eabi/lib/armv7e-m/fpu\libm.a(lib_a-s_atan.o)
                0x080123c0                atan
 .text.fabs     0x08012710        0xe d:/embedded system/software/truestudio for stm32 9.3.0/armtools/bin/../lib/gcc/arm-atollic-eabi/6.3.1/../../../../arm-atollic-eabi/lib/armv7e-m/fpu\libm.a(lib_a-s_fabs.o)
                0x08012710                fabs
 .text.matherr  0x0801271e        0x4 d:/embedded system/software/truestudio for stm32 9.3.0/armtools/bin/../lib/gcc/arm-atollic-eabi/6.3.1/../../../../arm-atollic-eabi/lib/armv7e-m/fpu\libm.a(lib_a-s_matherr.o)
                0x0801271e                matherr
 *fill*         0x08012722        0x6 
 .text.nan      0x08012728       0x10 d:/embedded system/software/truestudio for stm32 9.3.0/armtools/bin/../lib/gcc/arm-atollic-eabi/6.3.1/../../../../arm-atollic-eabi/lib/armv7e-m/fpu\libm.a(lib_a-s_nan.o)
                0x08012728                nan
 *(.glue_7)
 .glue_7        0x08012738        0x0 linker stubs
 *(.glue_7t)
 .glue_7t       0x08012738        0x0 linker stubs
 *(.eh_frame)
 .eh_frame      0x08012738        0x0 d:/embedded system/software/truestudio for stm32 9.3.0/armtools/bin/../lib/gcc/arm-atollic-eabi/6.3.1/armv7e-m/fpu/crtbegin.o
 *(.init)
 .init          0x08012738        0x4 d:/embedded system/software/truestudio for stm32 9.3.0/armtools/bin/../lib/gcc/arm-atollic-eabi/6.3.1/armv7e-m/fpu/crti.o
                0x08012738                _init
 .init          0x0801273c        0x8 d:/embedded system/software/truestudio for stm32 9.3.0/armtools/bin/../lib/gcc/arm-atollic-eabi/6.3.1/armv7e-m/fpu/crtn.o
 *(.fini)
 .fini          0x08012744        0x4 d:/embedded system/software/truestudio for stm32 9.3.0/armtools/bin/../lib/gcc/arm-atollic-eabi/6.3.1/armv7e-m/fpu/crti.o
                0x08012744                _fini
 .fini          0x08012748        0x8 d:/embedded system/software/truestudio for stm32 9.3.0/armtools/bin/../lib/gcc/arm-atollic-eabi/6.3.1/armv7e-m/fpu/crtn.o
                0x08012750                . = ALIGN (0x4)
                0x08012750                _etext = .

.vfp11_veneer   0x08012750        0x0
 .vfp11_veneer  0x08012750        0x0 linker stubs

.v4_bx          0x08012750        0x0
 .v4_bx         0x08012750        0x0 linker stubs

.iplt           0x08012750        0x0
 .iplt          0x08012750        0x0 d:/embedded system/software/truestudio for stm32 9.3.0/armtools/bin/../lib/gcc/arm-atollic-eabi/6.3.1/armv7e-m/fpu/crtbegin.o

.rodata         0x08012750    0x378f0
                0x08012750                . = ALIGN (0x4)
 *(.rodata)
 .rodata        0x08012750        0x5 Middlewares\Third_Party\FreeRTOS\Source\tasks.o
 *fill*         0x08012755        0x3 
 .rodata        0x08012758        0xd Middlewares\Third_Party\FreeRTOS\Source\timers.o
 *fill*         0x08012765        0x3 
 .rodata        0x08012768       0x90 Src\freertos.o
 .rodata        0x080127f8       0xf4 Src\main.o
 .rodata        0x080128ec        0x6 Src\rtc.o
 *fill*         0x080128f2        0x2 
 .rodata        0x080128f4       0xe2 Src\usart.o
 *fill*         0x080129d6        0x2 
 .rodata        0x080129d8       0xa1 UserDrivers\MPU6050\eMPL\inv_mpu.o
 *fill*         0x08012a79        0x3 
 .rodata        0x08012a7c       0x4b UserDrivers\MPU6050\eMPL\inv_mpu_dmp_motion_driver.o
 *fill*         0x08012ac7        0x1 
 .rodata        0x08012ac8       0x14 UserDrivers\TFT_LCD\tftlcd.o
 *(.rodata*)
 .rodata.AHBPrescTable
                0x08012adc       0x10 Src\system_stm32f4xx.o
                0x08012adc                AHBPrescTable
 .rodata.APBPrescTable
                0x08012aec        0x8 Src\system_stm32f4xx.o
                0x08012aec                APBPrescTable
 .rodata.reg    0x08012af4       0x1b UserDrivers\MPU6050\eMPL\inv_mpu.o
                0x08012af4                reg
 *fill*         0x08012b0f        0x1 
 .rodata.hw     0x08012b10        0xc UserDrivers\MPU6050\eMPL\inv_mpu.o
                0x08012b10                hw
 .rodata.test   0x08012b1c       0x28 UserDrivers\MPU6050\eMPL\inv_mpu.o
                0x08012b1c                test
 .rodata.dmp_memory
                0x08012b44      0xbf6 UserDrivers\MPU6050\eMPL\inv_mpu_dmp_motion_driver.o
 *fill*         0x0801373a        0x2 
 .rodata.HzLib  0x0801373c    0x34e00 UserDrivers\TFT_LCD\HzLib.o
 .rodata.ascii_1206
                0x0804853c      0x474 UserDrivers\TFT_LCD\tftlcd.o
                0x0804853c                ascii_1206
 .rodata.ascii_1608
                0x080489b0      0x5f0 UserDrivers\TFT_LCD\tftlcd.o
                0x080489b0                ascii_1608
 .rodata.ascii_2412
                0x08048fa0      0xd5c UserDrivers\TFT_LCD\tftlcd.o
                0x08048fa0                ascii_2412
 .rodata._global_impure_ptr
                0x08049cfc        0x4 d:/embedded system/software/truestudio for stm32 9.3.0/armtools/bin/../lib/gcc/arm-atollic-eabi/6.3.1/../../../../arm-atollic-eabi/lib/armv7e-m/fpu\libc.a(lib_a-impure.o)
                0x08049cfc                _global_impure_ptr
 .rodata._puts_r.str1.1
                0x08049d00        0x2 d:/embedded system/software/truestudio for stm32 9.3.0/armtools/bin/../lib/gcc/arm-atollic-eabi/6.3.1/../../../../arm-atollic-eabi/lib/armv7e-m/fpu\libc.a(lib_a-puts.o)
 .rodata._svfiprintf_r.str1.1
                0x08049d02       0x22 d:/embedded system/software/truestudio for stm32 9.3.0/armtools/bin/../lib/gcc/arm-atollic-eabi/6.3.1/../../../../arm-atollic-eabi/lib/armv7e-m/fpu\libc.a(lib_a-svfiprintf.o)
 .rodata.blanks.8339
                0x08049d24       0x10 d:/embedded system/software/truestudio for stm32 9.3.0/armtools/bin/../lib/gcc/arm-atollic-eabi/6.3.1/../../../../arm-atollic-eabi/lib/armv7e-m/fpu\libc.a(lib_a-svfiprintf.o)
 .rodata.zeroes.8340
                0x08049d34       0x10 d:/embedded system/software/truestudio for stm32 9.3.0/armtools/bin/../lib/gcc/arm-atollic-eabi/6.3.1/../../../../arm-atollic-eabi/lib/armv7e-m/fpu\libc.a(lib_a-svfiprintf.o)
 .rodata._vfprintf_r.str1.1
                0x08049d44       0x12 d:/embedded system/software/truestudio for stm32 9.3.0/armtools/bin/../lib/gcc/arm-atollic-eabi/6.3.1/../../../../arm-atollic-eabi/lib/armv7e-m/fpu\libc.a(lib_a-vfprintf.o)
                                 0x34 (size before relaxing)
 .rodata.blanks.8374
                0x08049d56       0x10 d:/embedded system/software/truestudio for stm32 9.3.0/armtools/bin/../lib/gcc/arm-atollic-eabi/6.3.1/../../../../arm-atollic-eabi/lib/armv7e-m/fpu\libc.a(lib_a-vfprintf.o)
 .rodata.zeroes.8375
                0x08049d66       0x10 d:/embedded system/software/truestudio for stm32 9.3.0/armtools/bin/../lib/gcc/arm-atollic-eabi/6.3.1/../../../../arm-atollic-eabi/lib/armv7e-m/fpu\libc.a(lib_a-vfprintf.o)
 .rodata._dtoa_r.str1.1
                0x08049d76        0xd d:/embedded system/software/truestudio for stm32 9.3.0/armtools/bin/../lib/gcc/arm-atollic-eabi/6.3.1/../../../../arm-atollic-eabi/lib/armv7e-m/fpu\libc.a(lib_a-dtoa.o)
                                  0xf (size before relaxing)
 *fill*         0x08049d83        0x1 
 .rodata.__sf_fake_stderr
                0x08049d84       0x20 d:/embedded system/software/truestudio for stm32 9.3.0/armtools/bin/../lib/gcc/arm-atollic-eabi/6.3.1/../../../../arm-atollic-eabi/lib/armv7e-m/fpu\libc.a(lib_a-findfp.o)
                0x08049d84                __sf_fake_stderr
 .rodata.__sf_fake_stdin
                0x08049da4       0x20 d:/embedded system/software/truestudio for stm32 9.3.0/armtools/bin/../lib/gcc/arm-atollic-eabi/6.3.1/../../../../arm-atollic-eabi/lib/armv7e-m/fpu\libc.a(lib_a-findfp.o)
                0x08049da4                __sf_fake_stdin
 .rodata.__sf_fake_stdout
                0x08049dc4       0x20 d:/embedded system/software/truestudio for stm32 9.3.0/armtools/bin/../lib/gcc/arm-atollic-eabi/6.3.1/../../../../arm-atollic-eabi/lib/armv7e-m/fpu\libc.a(lib_a-findfp.o)
                0x08049dc4                __sf_fake_stdout
 *fill*         0x08049de4        0x4 
 .rodata.__mprec_bigtens
                0x08049de8       0x28 d:/embedded system/software/truestudio for stm32 9.3.0/armtools/bin/../lib/gcc/arm-atollic-eabi/6.3.1/../../../../arm-atollic-eabi/lib/armv7e-m/fpu\libc.a(lib_a-mprec.o)
                0x08049de8                __mprec_bigtens
 .rodata.__mprec_tens
                0x08049e10       0xc8 d:/embedded system/software/truestudio for stm32 9.3.0/armtools/bin/../lib/gcc/arm-atollic-eabi/6.3.1/../../../../arm-atollic-eabi/lib/armv7e-m/fpu\libc.a(lib_a-mprec.o)
                0x08049e10                __mprec_tens
 .rodata.p05.7196
                0x08049ed8        0xc d:/embedded system/software/truestudio for stm32 9.3.0/armtools/bin/../lib/gcc/arm-atollic-eabi/6.3.1/../../../../arm-atollic-eabi/lib/armv7e-m/fpu\libc.a(lib_a-mprec.o)
 .rodata._setlocale_r.str1.1
                0x08049ee4        0x8 d:/embedded system/software/truestudio for stm32 9.3.0/armtools/bin/../lib/gcc/arm-atollic-eabi/6.3.1/../../../../arm-atollic-eabi/lib/armv7e-m/fpu\libc.a(lib_a-locale.o)
                                  0x9 (size before relaxing)
 .rodata.str1.1