tftlcd.c:30:6:TFTLCD_GPIO_Init	4	static
tftlcd.c:159:6:LCD_WriteCmd	16	static
tftlcd.c:193:6:LCD_WriteData	16	static
tftlcd.c:225:6:LCD_WriteCmdData	16	static
tftlcd.c:232:6:LCD_WriteData_Color	16	static
tftlcd.c:268:10:LCD_ReadData	4	static
tftlcd.c:310:6:LCD_Display_Dir	16	static
tftlcd.c:428:6:TFTLCD_Init	8	static
tftlcd.c:1530:6:LCD_Set_Window	24	static
tftlcd.c:1663:6:LCD_Clear	24	static
tftlcd.c:1676:6:LCD_Fill	32	static
tftlcd.c:1701:6:LCD_DrawPoint	16	static
tftlcd.c:1710:6:LCD_DrawFRONT_COLOR	16	static
tftlcd.c:1719:10:LCD_ReadPoint	24	static
tftlcd.c:1793:6:LCD_DrawLine	64	static
tftlcd.c:1828:6:LCD_DrawLine_Color	64	static
tftlcd.c:1867:6:LCD_DrowSign	24	static
tftlcd.c:1895:6:LCD_DrawRectangle	24	static
tftlcd.c:1905:6:LCD_Draw_Circle	32	static
tftlcd.c:1933:6:LCD_setFontSize	16	static
tftlcd.c:1945:6:LCD_ShowChar	32	static
tftlcd.c:1991:10:LCD_Pow	24	static
tftlcd.c:2025:6:LCD_ShowInt	40	static
tftlcd.c:2033:6:LCD_ShowUint	40	static
tftlcd.c:2042:6:LCD_ShowUintHex	48	static
tftlcd.c:2054:6:LCD_ShowUintX	72	static
tftlcd.c:2080:6:LCD_ShowFloat	88	static
tftlcd.c:2182:6:LCD_ShowString	24	static
tftlcd.c:2253:6:LCD_ShowFontHZ	32	static
tftlcd.c:2302:6:LCD_ShowPicture	40	static
tftlcd.c:2323:6:LCD_ShowHZ16	56	static
